Archive member included to satisfy reference by file (symbol)

c:/st/stm32cubeide_1.12.1/stm32cubeide/plugins/com.st.stm32cube.ide.mcu.externaltools.gnu-tools-for-stm32.10.3-2021.10.win32_1.0.200.202301161003/tools/bin/../lib/gcc/arm-none-eabi/10.3.1/../../../../arm-none-eabi/lib/thumb/v6-m/nofp\libc_nano.a(lib_a-errno.o)
                              ./Core/Src/syscalls.o (__errno)
c:/st/stm32cubeide_1.12.1/stm32cubeide/plugins/com.st.stm32cube.ide.mcu.externaltools.gnu-tools-for-stm32.10.3-2021.10.win32_1.0.200.202301161003/tools/bin/../lib/gcc/arm-none-eabi/10.3.1/../../../../arm-none-eabi/lib/thumb/v6-m/nofp\libc_nano.a(lib_a-exit.o)
                              c:/st/stm32cubeide_1.12.1/stm32cubeide/plugins/com.st.stm32cube.ide.mcu.externaltools.gnu-tools-for-stm32.10.3-2021.10.win32_1.0.200.202301161003/tools/bin/../lib/gcc/arm-none-eabi/10.3.1/../../../../arm-none-eabi/lib/thumb/v6-m/nofp/crt0.o (exit)
c:/st/stm32cubeide_1.12.1/stm32cubeide/plugins/com.st.stm32cube.ide.mcu.externaltools.gnu-tools-for-stm32.10.3-2021.10.win32_1.0.200.202301161003/tools/bin/../lib/gcc/arm-none-eabi/10.3.1/../../../../arm-none-eabi/lib/thumb/v6-m/nofp\libc_nano.a(lib_a-impure.o)
                              c:/st/stm32cubeide_1.12.1/stm32cubeide/plugins/com.st.stm32cube.ide.mcu.externaltools.gnu-tools-for-stm32.10.3-2021.10.win32_1.0.200.202301161003/tools/bin/../lib/gcc/arm-none-eabi/10.3.1/../../../../arm-none-eabi/lib/thumb/v6-m/nofp\libc_nano.a(lib_a-exit.o) (_global_impure_ptr)
c:/st/stm32cubeide_1.12.1/stm32cubeide/plugins/com.st.stm32cube.ide.mcu.externaltools.gnu-tools-for-stm32.10.3-2021.10.win32_1.0.200.202301161003/tools/bin/../lib/gcc/arm-none-eabi/10.3.1/../../../../arm-none-eabi/lib/thumb/v6-m/nofp\libc_nano.a(lib_a-init.o)
                              c:/st/stm32cubeide_1.12.1/stm32cubeide/plugins/com.st.stm32cube.ide.mcu.externaltools.gnu-tools-for-stm32.10.3-2021.10.win32_1.0.200.202301161003/tools/bin/../lib/gcc/arm-none-eabi/10.3.1/../../../../arm-none-eabi/lib/thumb/v6-m/nofp/crt0.o (__libc_init_array)
c:/st/stm32cubeide_1.12.1/stm32cubeide/plugins/com.st.stm32cube.ide.mcu.externaltools.gnu-tools-for-stm32.10.3-2021.10.win32_1.0.200.202301161003/tools/bin/../lib/gcc/arm-none-eabi/10.3.1/../../../../arm-none-eabi/lib/thumb/v6-m/nofp\libc_nano.a(lib_a-memcpy-stub.o)
                              ./Core/Src/RingBuffer.o (memcpy)
c:/st/stm32cubeide_1.12.1/stm32cubeide/plugins/com.st.stm32cube.ide.mcu.externaltools.gnu-tools-for-stm32.10.3-2021.10.win32_1.0.200.202301161003/tools/bin/../lib/gcc/arm-none-eabi/10.3.1/../../../../arm-none-eabi/lib/thumb/v6-m/nofp\libc_nano.a(lib_a-memset.o)
                              c:/st/stm32cubeide_1.12.1/stm32cubeide/plugins/com.st.stm32cube.ide.mcu.externaltools.gnu-tools-for-stm32.10.3-2021.10.win32_1.0.200.202301161003/tools/bin/../lib/gcc/arm-none-eabi/10.3.1/../../../../arm-none-eabi/lib/thumb/v6-m/nofp/crt0.o (memset)
c:/st/stm32cubeide_1.12.1/stm32cubeide/plugins/com.st.stm32cube.ide.mcu.externaltools.gnu-tools-for-stm32.10.3-2021.10.win32_1.0.200.202301161003/tools/bin/../lib/gcc/arm-none-eabi/10.3.1/../../../../arm-none-eabi/lib/thumb/v6-m/nofp\libc_nano.a(lib_a-sprintf.o)
                              ./Core/Src/APP/water_out.o (sprintf)
c:/st/stm32cubeide_1.12.1/stm32cubeide/plugins/com.st.stm32cube.ide.mcu.externaltools.gnu-tools-for-stm32.10.3-2021.10.win32_1.0.200.202301161003/tools/bin/../lib/gcc/arm-none-eabi/10.3.1/../../../../arm-none-eabi/lib/thumb/v6-m/nofp\libc_nano.a(lib_a-nano-svfprintf.o)
                              c:/st/stm32cubeide_1.12.1/stm32cubeide/plugins/com.st.stm32cube.ide.mcu.externaltools.gnu-tools-for-stm32.10.3-2021.10.win32_1.0.200.202301161003/tools/bin/../lib/gcc/arm-none-eabi/10.3.1/../../../../arm-none-eabi/lib/thumb/v6-m/nofp\libc_nano.a(lib_a-sprintf.o) (_svfprintf_r)
c:/st/stm32cubeide_1.12.1/stm32cubeide/plugins/com.st.stm32cube.ide.mcu.externaltools.gnu-tools-for-stm32.10.3-2021.10.win32_1.0.200.202301161003/tools/bin/../lib/gcc/arm-none-eabi/10.3.1/../../../../arm-none-eabi/lib/thumb/v6-m/nofp\libc_nano.a(lib_a-nano-vfprintf_i.o)
                              c:/st/stm32cubeide_1.12.1/stm32cubeide/plugins/com.st.stm32cube.ide.mcu.externaltools.gnu-tools-for-stm32.10.3-2021.10.win32_1.0.200.202301161003/tools/bin/../lib/gcc/arm-none-eabi/10.3.1/../../../../arm-none-eabi/lib/thumb/v6-m/nofp\libc_nano.a(lib_a-nano-svfprintf.o) (_printf_i)
c:/st/stm32cubeide_1.12.1/stm32cubeide/plugins/com.st.stm32cube.ide.mcu.externaltools.gnu-tools-for-stm32.10.3-2021.10.win32_1.0.200.202301161003/tools/bin/../lib/gcc/arm-none-eabi/10.3.1/../../../../arm-none-eabi/lib/thumb/v6-m/nofp\libc_nano.a(lib_a-memchr-stub.o)
                              c:/st/stm32cubeide_1.12.1/stm32cubeide/plugins/com.st.stm32cube.ide.mcu.externaltools.gnu-tools-for-stm32.10.3-2021.10.win32_1.0.200.202301161003/tools/bin/../lib/gcc/arm-none-eabi/10.3.1/../../../../arm-none-eabi/lib/thumb/v6-m/nofp\libc_nano.a(lib_a-nano-svfprintf.o) (memchr)
[...]
Memory Configuration

Name             Origin             Length             Attributes
RAM              0x0000000020000000 0x0000000000009000 xrw
FLASH            0x0000000008000000 0x0000000000020000 xr
*default*        0x0000000000000000 0xffffffffffffffff

Linker script and memory map

LOAD c:/st/stm32cubeide_1.12.1/stm32cubeide/plugins/com.st.stm32cube.ide.mcu.externaltools.gnu-tools-for-stm32.10.3-2021.10.win32_1.0.200.202301161003/tools/bin/../lib/gcc/arm-none-eabi/10.3.1/thumb/v6-m/nofp/crti.o
LOAD c:/st/stm32cubeide_1.12.1/stm32cubeide/plugins/com.st.stm32cube.ide.mcu.externaltools.gnu-tools-for-stm32.10.3-2021.10.win32_1.0.200.202301161003/tools/bin/../lib/gcc/arm-none-eabi/10.3.1/thumb/v6-m/nofp/crtbegin.o
LOAD c:/st/stm32cubeide_1.12.1/stm32cubeide/plugins/com.st.stm32cube.ide.mcu.externaltools.gnu-tools-for-stm32.10.3-2021.10.win32_1.0.200.202301161003/tools/bin/../lib/gcc/arm-none-eabi/10.3.1/../../../../arm-none-eabi/lib/thumb/v6-m/nofp/crt0.o
LOAD ./Core/Src/APP/water_out.o
LOAD ./Core/Src/DEVICE/flow_meter.o
LOAD ./Core/Src/DEVICE/hotwater.o
LOAD ./Core/Src/DEVICE/ntc.o
LOAD ./Core/Src/DEVICE/port.o
LOAD ./Core/Src/DEVICE/water_level.o
LOAD ./Core/Src/HAL/adc.o
LOAD ./Core/Src/HAL/flash.o
LOAD ./Core/Src/HAL/gpio.o
LOAD ./Core/Src/HAL/timer.o
LOAD ./Core/Src/HAL/uart.o
LOAD ./Core/Src/RingBuffer.o
LOAD ./Core/Src/fsm.o
LOAD ./Core/Src/global.o
LOAD ./Core/Src/main.o
LOAD ./Core/Src/scheduler.o
LOAD ./Core/Src/stm32g0xx_hal_msp.o
LOAD ./Core/Src/stm32g0xx_it.o
LOAD ./Core/Src/syscalls.o
LOAD ./Core/Src/sysmem.o
LOAD ./Core/Src/system_stm32g0xx.o
LOAD ./Core/Startup/startup_stm32g070rbtx.o
LOAD ./Drivers/STM32G0xx_HAL_Driver/Src/stm32g0xx_hal.o
LOAD ./Drivers/STM32G0xx_HAL_Driver/Src/stm32g0xx_hal_adc.o
LOAD ./Drivers/STM32G0xx_HAL_Driver/Src/stm32g0xx_hal_adc_ex.o
LOAD ./Drivers/STM32G0xx_HAL_Driver/Src/stm32g0xx_hal_cortex.o
LOAD ./Drivers/STM32G0xx_HAL_Driver/Src/stm32g0xx_hal_dma.o
LOAD ./Drivers/STM32G0xx_HAL_Driver/Src/stm32g0xx_hal_dma_ex.o
LOAD ./Drivers/STM32G0xx_HAL_Driver/Src/stm32g0xx_hal_exti.o
LOAD ./Drivers/STM32G0xx_HAL_Driver/Src/stm32g0xx_hal_flash.o
LOAD ./Drivers/STM32G0xx_HAL_Driver/Src/stm32g0xx_hal_flash_ex.o
LOAD ./Drivers/STM32G0xx_HAL_Driver/Src/stm32g0xx_hal_gpio.o
LOAD ./Drivers/STM32G0xx_HAL_Driver/Src/stm32g0xx_hal_pwr.o
LOAD ./Drivers/STM32G0xx_HAL_Driver/Src/stm32g0xx_hal_pwr_ex.o
LOAD ./Drivers/STM32G0xx_HAL_Driver/Src/stm32g0xx_hal_rcc.o
LOAD ./Drivers/STM32G0xx_HAL_Driver/Src/stm32g0xx_hal_rcc_ex.o
LOAD ./Drivers/STM32G0xx_HAL_Driver/Src/stm32g0xx_hal_tim.o
LOAD ./Drivers/STM32G0xx_HAL_Driver/Src/stm32g0xx_hal_tim_ex.o
LOAD ./Drivers/STM32G0xx_HAL_Driver/Src/stm32g0xx_hal_uart.o
LOAD ./Drivers/STM32G0xx_HAL_Driver/Src/stm32g0xx_hal_uart_ex.o
LOAD ./Drivers/STM32G0xx_HAL_Driver/Src/stm32g0xx_ll_adc.o
LOAD ./Drivers/STM32G0xx_HAL_Driver/Src/stm32g0xx_ll_dma.o
LOAD ./Drivers/STM32G0xx_HAL_Driver/Src/stm32g0xx_ll_rcc.o
START GROUP
LOAD c:/st/stm32cubeide_1.12.1/stm32cubeide/plugins/com.st.stm32cube.ide.mcu.externaltools.gnu-tools-for-stm32.10.3-2021.10.win32_1.0.200.202301161003/tools/bin/../lib/gcc/arm-none-eabi/10.3.1/../../../../arm-none-eabi/lib/thumb/v6-m/nofp\libc_nano.a
LOAD c:/st/stm32cubeide_1.12.1/stm32cubeide/plugins/com.st.stm32cube.ide.mcu.externaltools.gnu-tools-for-stm32.10.3-2021.10.win32_1.0.200.202301161003/tools/bin/../lib/gcc/arm-none-eabi/10.3.1/../../../../arm-none-eabi/lib/thumb/v6-m/nofp\libm.a
END GROUP
START GROUP
LOAD c:/st/stm32cubeide_1.12.1/stm32cubeide/plugins/com.st.stm32cube.ide.mcu.externaltools.gnu-tools-for-stm32.10.3-2021.10.win32_1.0.200.202301161003/tools/bin/../lib/gcc/arm-none-eabi/10.3.1/thumb/v6-m/nofp\libgcc.a
LOAD c:/st/stm32cubeide_1.12.1/stm32cubeide/plugins/com.st.stm32cube.ide.mcu.externaltools.gnu-tools-for-stm32.10.3-2021.10.win32_1.0.200.202301161003/tools/bin/../lib/gcc/arm-none-eabi/10.3.1/../../../../arm-none-eabi/lib/thumb/v6-m/nofp\libc_nano.a
END GROUP
START GROUP
LOAD c:/st/stm32cubeide_1.12.1/stm32cubeide/plugins/com.st.stm32cube.ide.mcu.externaltools.gnu-tools-for-stm32.10.3-2021.10.win32_1.0.200.202301161003/tools/bin/../lib/gcc/arm-none-eabi/10.3.1/thumb/v6-m/nofp\libgcc.a
LOAD c:/st/stm32cubeide_1.12.1/stm32cubeide/plugins/com.st.stm32cube.ide.mcu.externaltools.gnu-tools-for-stm32.10.3-2021.10.win32_1.0.200.202301161003/tools/bin/../lib/gcc/arm-none-eabi/10.3.1/../../../../arm-none-eabi/lib/thumb/v6-m/nofp\libc_nano.a
LOAD c:/st/stm32cubeide_1.12.1/stm32cubeide/plugins/com.st.stm32cube.ide.mcu.externaltools.gnu-tools-for-stm32.10.3-2021.10.win32_1.0.200.202301161003/tools/bin/../lib/gcc/arm-none-eabi/10.3.1/../../../../arm-none-eabi/lib/thumb/v6-m/nofp\libnosys.a
END GROUP
START GROUP
LOAD c:/st/stm32cubeide_1.12.1/stm32cubeide/plugins/com.st.stm32cube.ide.mcu.externaltools.gnu-tools-for-stm32.10.3-2021.10.win32_1.0.200.202301161003/tools/bin/../lib/gcc/arm-none-eabi/10.3.1/thumb/v6-m/nofp\libgcc.a
LOAD c:/st/stm32cubeide_1.12.1/stm32cubeide/plugins/com.st.stm32cube.ide.mcu.externaltools.gnu-tools-for-stm32.10.3-2021.10.win32_1.0.200.202301161003/tools/bin/../lib/gcc/arm-none-eabi/10.3.1/../../../../arm-none-eabi/lib/thumb/v6-m/nofp\libc_nano.a
LOAD c:/st/stm32cubeide_1.12.1/stm32cubeide/plugins/com.st.stm32cube.ide.mcu.externaltools.gnu-tools-for-stm32.10.3-2021.10.win32_1.0.200.202301161003/tools/bin/../lib/gcc/arm-none-eabi/10.3.1/../../../../arm-none-eabi/lib/thumb/v6-m/nofp\libnosys.a
END GROUP
LOAD c:/st/stm32cubeide_1.12.1/stm32cubeide/plugins/com.st.stm32cube.ide.mcu.externaltools.gnu-tools-for-stm32.10.3-2021.10.win32_1.0.200.202301161003/tools/bin/../lib/gcc/arm-none-eabi/10.3.1/thumb/v6-m/nofp/crtend.o
LOAD c:/st/stm32cubeide_1.12.1/stm32cubeide/plugins/com.st.stm32cube.ide.mcu.externaltools.gnu-tools-for-stm32.10.3-2021.10.win32_1.0.200.202301161003/tools/bin/../lib/gcc/arm-none-eabi/10.3.1/thumb/v6-m/nofp/crtn.o
                0x0000000020009000                _estack = (ORIGIN (RAM) + LENGTH (RAM))
                0x0000000000000200                _Min_Heap_Size = 0x200
                0x0000000000000400                _Min_Stack_Size = 0x400

.isr_vector     0x0000000008000000       0xb8
                0x0000000008000000                . = ALIGN (0x4)
 *(.isr_vector)
 .isr_vector    0x0000000008000000       0xb8 ./Core/Startup/startup_stm32g070rbtx.o
                0x0000000008000000                g_pfnVectors
                0x00000000080000b8                . = ALIGN (0x4)

.text           0x00000000080000b8     0x8524
                0x00000000080000b8                . = ALIGN (0x4)
 *(.text)
 .text          0x00000000080000b8       0x48 c:/st/stm32cubeide_1.12.1/stm32cubeide/plugins/com.st.stm32cube.ide.mcu.externaltools.gnu-tools-for-stm32.10.3-2021.10.win32_1.0.200.202301161003/tools/bin/../lib/gcc/arm-none-eabi/10.3.1/thumb/v6-m/nofp/crtbegin.o
 .text          0x0000000008000100       0x14 c:/st/stm32cubeide_1.12.1/stm32cubeide/plugins/com.st.stm32cube.ide.mcu.externaltools.gnu-tools-for-stm32.10.3-2021.10.win32_1.0.200.202301161003/tools/bin/../lib/gcc/arm-none-eabi/10.3.1/thumb/v6-m/nofp\libgcc.a(_thumb1_case_shi.o)
                0x0000000008000100                __gnu_thumb1_case_shi
 .text          0x0000000008000114      0x114 c:/st/stm32cubeide_1.12.1/stm32cubeide/plugins/com.st.stm32cube.ide.mcu.externaltools.gnu-tools-for-stm32.10.3-2021.10.win32_1.0.200.202301161003/tools/bin/../lib/gcc/arm-none-eabi/10.3.1/thumb/v6-m/nofp\libgcc.a(_udivsi3.o)
                0x0000000008000114                __aeabi_uidiv
                0x0000000008000114                __udivsi3
                0x0000000008000220                __aeabi_uidivmod
 .text          0x0000000008000228        0x4 c:/st/stm32cubeide_1.12.1/stm32cubeide/plugins/com.st.stm32cube.ide.mcu.externaltools.gnu-tools-for-stm32.10.3-2021.10.win32_1.0.200.202301161003/tools/bin/../lib/gcc/arm-none-eabi/10.3.1/thumb/v6-m/nofp\libgcc.a(_dvmd_tls.o)
                0x0000000008000228                __aeabi_idiv0
                0x0000000008000228                __aeabi_ldiv0
 .text          0x000000000800022c       0x74 c:/st/stm32cubeide_1.12.1/stm32cubeide/plugins/com.st.stm32cube.ide.mcu.externaltools.gnu-tools-for-stm32.10.3-2021.10.win32_1.0.200.202301161003/tools/bin/../lib/gcc/arm-none-eabi/10.3.1/thumb/v6-m/nofp\libgcc.a(_arm_cmpsf2.o)
                0x000000000800022c                __aeabi_cfrcmple
                0x0000000008000234                __aeabi_cfcmpeq
                0x0000000008000234                __aeabi_cfcmple
                0x0000000008000244                __aeabi_fcmpeq
                0x0000000008000250                __aeabi_fcmplt
                0x0000000008000264                __aeabi_fcmple
                0x0000000008000278                __aeabi_fcmpgt
                0x000000000800028c                __aeabi_fcmpge
 .text          0x00000000080002a0       0x4c c:/st/stm32cubeide_1.12.1/stm32cubeide/plugins/com.st.stm32cube.ide.mcu.externaltools.gnu-tools-for-stm32.10.3-2021.10.win32_1.0.200.202301161003/tools/bin/../lib/gcc/arm-none-eabi/10.3.1/thumb/v6-m/nofp\libgcc.a(eqsf2.o)
                0x00000000080002a0                __eqsf2
                0x00000000080002a0                __nesf2
 .text          0x00000000080002ec       0x8c c:/st/stm32cubeide_1.12.1/stm32cubeide/plugins/com.st.stm32cube.ide.mcu.externaltools.gnu-tools-for-stm32.10.3-2021.10.win32_1.0.200.202301161003/tools/bin/../lib/gcc/arm-none-eabi/10.3.1/thumb/v6-m/nofp\libgcc.a(gesf2.o)
                0x00000000080002ec                __gesf2
                0x00000000080002ec                __gtsf2
 .text          0x0000000008000378       0x88 c:/st/stm32cubeide_1.12.1/stm32cubeide/plugins/com.st.stm32cube.ide.mcu.externaltools.gnu-tools-for-stm32.10.3-2021.10.win32_1.0.200.202301161003/tools/bin/../lib/gcc/arm-none-eabi/10.3.1/thumb/v6-m/nofp\libgcc.a(lesf2.o)
                0x0000000008000378                __ltsf2
                0x0000000008000378                __lesf2
 .text          0x0000000008000400       0x40 c:/st/stm32cubeide_1.12.1/stm32cubeide/plugins/com.st.stm32cube.ide.mcu.externaltools.gnu-tools-for-stm32.10.3-2021.10.win32_1.0.200.202301161003/tools/bin/../lib/gcc/arm-none-eabi/10.3.1/thumb/v6-m/nofp\libgcc.a(fixsfsi.o)
                0x0000000008000400                __aeabi_f2iz
 .text          0x0000000008000440       0x84 c:/st/stm32cubeide_1.12.1/stm32cubeide/plugins/com.st.stm32cube.ide.mcu.externaltools.gnu-tools-for-stm32.10.3-2021.10.win32_1.0.200.202301161003/tools/bin/../lib/gcc/arm-none-eabi/10.3.1/thumb/v6-m/nofp\libgcc.a(floatunsisf.o)
                0x0000000008000440                __aeabi_ui2f
 .text          0x00000000080004c4       0x3c c:/st/stm32cubeide_1.12.1/stm32cubeide/plugins/com.st.stm32cube.ide.mcu.externaltools.gnu-tools-for-stm32.10.3-2021.10.win32_1.0.200.202301161003/tools/bin/../lib/gcc/arm-none-eabi/10.3.1/thumb/v6-m/nofp\libgcc.a(_clzsi2.o)
                0x00000000080004c4                __clzsi2
 *(.text*)
 .text.timeout_temp0
                0x0000000008000500       0x14 ./Core/Src/APP/water_out.o
 .text.timeout_temp1
                0x0000000008000514       0x14 ./Core/Src/APP/water_out.o
 .text.timeout_flow0
                0x0000000008000528       0x14 ./Core/Src/APP/water_out.o
 .text.timeout_flow1
                0x000000000800053c       0x14 ./Core/Src/APP/water_out.o
 .text.timeout_water_level0
                0x0000000008000550       0x14 ./Core/Src/APP/water_out.o
 .text.timeout_water_level1
                0x0000000008000564       0x14 ./Core/Src/APP/water_out.o
 .text.SYSTEM_init
                0x0000000008000578       0xdc ./Core/Src/APP/water_out.o
                0x0000000008000578                SYSTEM_init
 .text.SYSTEM_output_water
                0x0000000008000654       0x3c ./Core/Src/APP/water_out.o
                0x0000000008000654                SYSTEM_output_water
 .text.SYSTEM_check
                0x0000000008000690       0x4c ./Core/Src/APP/water_out.o
                0x0000000008000690                SYSTEM_check
 .text.SYSTEM_run
                0x00000000080006dc       0x34 ./Core/Src/APP/water_out.o
                0x00000000080006dc                SYSTEM_run
 .text.TEMP_check
                0x0000000008000710       0x7c ./Core/Src/APP/water_out.o
 .text.FLOW_check
                0x000000000800078c       0x68 ./Core/Src/APP/water_out.o
 .text.WATER_LEVEL_check
                0x00000000080007f4       0x70 ./Core/Src/APP/water_out.o
 .text.WATER_OUT_system
                0x0000000008000864       0x44 ./Core/Src/APP/water_out.o
 .text.TEMP_init
                0x00000000080008a8       0x5c ./Core/Src/APP/water_out.o
 .text.TEMP_hot
                0x0000000008000904      0x138 ./Core/Src/APP/water_out.o
 .text.TEMP_too_hot
                0x0000000008000a3c       0xec ./Core/Src/APP/water_out.o
 .text.TEMP_cool
                0x0000000008000b28      0x168 ./Core/Src/APP/water_out.o
 .text.TEMP_not_hot_enough
                0x0000000008000c90      0x11c ./Core/Src/APP/water_out.o
 .text.TEMP_error
                0x0000000008000dac       0xb8 ./Core/Src/APP/water_out.o
 .text.FLOW_init
                0x0000000008000e64       0x5c ./Core/Src/APP/water_out.o
 .text.FLOW_normal
                0x0000000008000ec0       0xf4 ./Core/Src/APP/water_out.o
 .text.FLOW_not_flowing
                0x0000000008000fb4      0x124 ./Core/Src/APP/water_out.o
 .text.FLOW_leaking
                0x00000000080010d8      0x130 ./Core/Src/APP/water_out.o
 .text.WATER_LEVEL_init
                0x0000000008001208       0x60 ./Core/Src/APP/water_out.o
 .text.WATER_LEVEL_normal
                0x0000000008001268       0xac ./Core/Src/APP/water_out.o
 .text.WATER_LEVEL_empty
                0x0000000008001314      0x124 ./Core/Src/APP/water_out.o
 .text.WATER_LEVEL_overflow
                0x0000000008001438       0x14 ./Core/Src/APP/water_out.o
 .text.WATER_LEVEL_error
                0x000000000800144c       0xcc ./Core/Src/APP/water_out.o
 .text.WATER_OUT_open
                0x0000000008001518       0x5c ./Core/Src/APP/water_out.o
 .text.WATER_OUT_close
                0x0000000008001574       0xbc ./Core/Src/APP/water_out.o
 .text.FLOW_get_pulse
                0x0000000008001630      0x184 ./Core/Src/DEVICE/flow_meter.o
                0x0000000008001630                FLOW_get_pulse
 .text.FLOW_is_flowing
                0x00000000080017b4       0xa4 ./Core/Src/DEVICE/flow_meter.o
                0x00000000080017b4                FLOW_is_flowing
 .text.FLOW_is_enough_water
                0x0000000008001858       0x40 ./Core/Src/DEVICE/flow_meter.o
                0x0000000008001858                FLOW_is_enough_water
 .text.FLOW_set_liter
                0x0000000008001898       0x84 ./Core/Src/DEVICE/flow_meter.o
                0x0000000008001898                FLOW_set_liter
 .text.fn_pulse
                0x000000000800191c       0x28 ./Core/Src/DEVICE/flow_meter.o
                0x000000000800191c                fn_pulse
 .text.set_wt   0x0000000008001944       0x38 ./Core/Src/DEVICE/hotwater.o
                0x0000000008001944                set_wt
 .text.water_0_level_0
                0x000000000800197c       0x50 ./Core/Src/DEVICE/hotwater.o
 .text.water_0_level_1
                0x00000000080019cc       0x14 ./Core/Src/DEVICE/hotwater.o
 .text.water_1_level_0
                0x00000000080019e0       0x4c ./Core/Src/DEVICE/hotwater.o
 .text.water_1_level_1
                0x0000000008001a2c       0x14 ./Core/Src/DEVICE/hotwater.o
 .text.GetTemp0
                0x0000000008001a40       0x12 ./Core/Src/DEVICE/hotwater.o
 .text.GetTemp1
                0x0000000008001a52       0x12 ./Core/Src/DEVICE/hotwater.o
 .text.GetFlow0
                0x0000000008001a64       0x12 ./Core/Src/DEVICE/hotwater.o
 .text.GetFlow1
                0x0000000008001a76       0x12 ./Core/Src/DEVICE/hotwater.o
 .text.ControlRelay0
                0x0000000008001a88       0x58 ./Core/Src/DEVICE/hotwater.o
 .text.ControlRelay1
                0x0000000008001ae0       0x58 ./Core/Src/DEVICE/hotwater.o
 .text.ControlSolenoidOut0
                0x0000000008001b38       0x28 ./Core/Src/DEVICE/hotwater.o
 .text.ControlSolenoidOut1
                0x0000000008001b60       0x26 ./Core/Src/DEVICE/hotwater.o
 .text.ControlSolenoidIn0
                0x0000000008001b86       0x26 ./Core/Src/DEVICE/hotwater.o
 .text.ControlSolenoidIn1
                0x0000000008001bac       0x28 ./Core/Src/DEVICE/hotwater.o
 .text.GetRelay0
                0x0000000008001bd4       0x1c ./Core/Src/DEVICE/hotwater.o
 .text.GetRelay1
                0x0000000008001bf0       0x1c ./Core/Src/DEVICE/hotwater.o
 .text.GetSolenoid0
                0x0000000008001c0c       0x20 ./Core/Src/DEVICE/hotwater.o
 .text.GetSolenoid1
                0x0000000008001c2c       0x1c ./Core/Src/DEVICE/hotwater.o
 .text.TEMP_get_temp
                0x0000000008001c48       0x2c ./Core/Src/DEVICE/ntc.o
                0x0000000008001c48                TEMP_get_temp
 .text.set_temp
                0x0000000008001c74       0x20 ./Core/Src/DEVICE/ntc.o
                0x0000000008001c74                set_temp
 .text.ADC_init
                0x0000000008001c94       0x88 ./Core/Src/HAL/adc.o
                0x0000000008001c94                ADC_init
 .text.GPIO_init
                0x0000000008001d1c      0x1a0 ./Core/Src/HAL/gpio.o
                0x0000000008001d1c                GPIO_init
 .text.TIM_init
                0x0000000008001ebc       0x90 ./Core/Src/HAL/timer.o
                0x0000000008001ebc                TIM_init
 .text.setTimer
                0x0000000008001f4c       0x30 ./Core/Src/HAL/timer.o
                0x0000000008001f4c                setTimer
 .text.isTimer_timeout
                0x0000000008001f7c       0x30 ./Core/Src/HAL/timer.o
                0x0000000008001f7c                isTimer_timeout
 .text.timerRun
                0x0000000008001fac       0x60 ./Core/Src/HAL/timer.o
                0x0000000008001fac                timerRun
 .text.HAL_TIM_PeriodElapsedCallback
                0x000000000800200c       0x28 ./Core/Src/HAL/timer.o
                0x000000000800200c                HAL_TIM_PeriodElapsedCallback
 .text.UART_init
                0x0000000008002034      0x1b4 ./Core/Src/HAL/uart.o
                0x0000000008002034                UART_init
 .text.UART_send
                0x00000000080021e8       0x40 ./Core/Src/HAL/uart.o
                0x00000000080021e8                UART_send
 .text.UART_receive_data
                0x0000000008002228       0x3c ./Core/Src/HAL/uart.o
                0x0000000008002228                UART_receive_data
 .text.HAL_UART_RxCpltCallback
                0x0000000008002264      0x100 ./Core/Src/HAL/uart.o
                0x0000000008002264                HAL_UART_RxCpltCallback
 .text.ring_buffer_init
                0x0000000008002364       0x58 ./Core/Src/RingBuffer.o
                0x0000000008002364                ring_buffer_init
 .text.ring_buffer_push
                0x00000000080023bc       0x70 ./Core/Src/RingBuffer.o
                0x00000000080023bc                ring_buffer_push
 .text.ring_buffer_pop
                0x000000000800242c       0x78 ./Core/Src/RingBuffer.o
                0x000000000800242c                ring_buffer_pop
 .text.ring_buffer_is_available
                0x00000000080024a4       0x74 ./Core/Src/RingBuffer.o
                0x00000000080024a4                ring_buffer_is_available
 .text.ring_buffer_is_full
                0x0000000008002518       0x74 ./Core/Src/RingBuffer.o
                0x0000000008002518                ring_buffer_is_full
 .text.get_command
                0x000000000800258c      0x858 ./Core/Src/fsm.o
                0x000000000800258c                get_command
 .text.fsm_uart
                0x0000000008002de4      0x138 ./Core/Src/fsm.o
                0x0000000008002de4                fsm_uart
 .text.fsm_run  0x0000000008002f1c       0x16 ./Core/Src/fsm.o
                0x0000000008002f1c                fsm_run
 .text.main     0x0000000008002f32       0x2e ./Core/Src/main.o
                0x0000000008002f32                main
 .text.SystemClock_Config
                0x0000000008002f60       0x90 ./Core/Src/main.o
                0x0000000008002f60                SystemClock_Config
 .text.Error_Handler
                0x0000000008002ff0        0xa ./Core/Src/main.o
                0x0000000008002ff0                Error_Handler
 *fill*         0x0000000008002ffa        0x2 
 .text.SCH_Update
                0x0000000008002ffc       0x4c ./Core/Src/scheduler.o
                0x0000000008002ffc                SCH_Update
 .text.SCH_Add_Task
                0x0000000008003048      0x30c ./Core/Src/scheduler.o
                0x0000000008003048                SCH_Add_Task
 .text.SCH_Delete_Task
                0x0000000008003354      0x240 ./Core/Src/scheduler.o
                0x0000000008003354                SCH_Delete_Task
 .text.SCH_Dispatch_Tasks
                0x0000000008003594       0x58 ./Core/Src/scheduler.o
                0x0000000008003594                SCH_Dispatch_Tasks
 .text.Get_New_Task_ID
                0x00000000080035ec       0x30 ./Core/Src/scheduler.o
 .text.HAL_MspInit
                0x000000000800361c       0x48 ./Core/Src/stm32g0xx_hal_msp.o
                0x000000000800361c                HAL_MspInit
 .text.HAL_ADC_MspInit
                0x0000000008003664       0xe4 ./Core/Src/stm32g0xx_hal_msp.o
                0x0000000008003664                HAL_ADC_MspInit
 .text.HAL_TIM_Base_MspInit
                0x0000000008003748       0x4c ./Core/Src/stm32g0xx_hal_msp.o
                0x0000000008003748                HAL_TIM_Base_MspInit
 .text.HAL_UART_MspInit
                0x0000000008003794       0xa8 ./Core/Src/stm32g0xx_hal_msp.o
                0x0000000008003794                HAL_UART_MspInit
 .text.NMI_Handler
                0x000000000800383c        0x6 ./Core/Src/stm32g0xx_it.o
                0x000000000800383c                NMI_Handler
 .text.HardFault_Handler
                0x0000000008003842        0x6 ./Core/Src/stm32g0xx_it.o
                0x0000000008003842                HardFault_Handler
 .text.SVC_Handler
                0x0000000008003848        0xa ./Core/Src/stm32g0xx_it.o
                0x0000000008003848                SVC_Handler
 .text.PendSV_Handler
                0x0000000008003852        0xa ./Core/Src/stm32g0xx_it.o
                0x0000000008003852                PendSV_Handler
 .text.SysTick_Handler
                0x000000000800385c        0xe ./Core/Src/stm32g0xx_it.o
                0x000000000800385c                SysTick_Handler
 *fill*         0x000000000800386a        0x2 
 .text.DMA1_Channel1_IRQHandler
                0x000000000800386c       0x18 ./Core/Src/stm32g0xx_it.o
                0x000000000800386c                DMA1_Channel1_IRQHandler
 .text.TIM3_IRQHandler
                0x0000000008003884       0x18 ./Core/Src/stm32g0xx_it.o
                0x0000000008003884                TIM3_IRQHandler
 .text.USART3_4_IRQHandler
                0x000000000800389c       0x18 ./Core/Src/stm32g0xx_it.o
                0x000000000800389c                USART3_4_IRQHandler
 .text._sbrk    0x00000000080038b4       0x6c ./Core/Src/sysmem.o
                0x00000000080038b4                _sbrk
 .text.SystemInit
                0x0000000008003920        0xa ./Core/Src/system_stm32g0xx.o
                0x0000000008003920                SystemInit
 *fill*         0x000000000800392a        0x2 
 .text.Reset_Handler
                0x000000000800392c       0x50 ./Core/Startup/startup_stm32g070rbtx.o
                0x000000000800392c                Reset_Handler
 .text.Default_Handler
                0x000000000800397c        0x2 ./Core/Startup/startup_stm32g070rbtx.o
                0x000000000800397c                TIM1_CC_IRQHandler
                0x000000000800397c                TIM6_IRQHandler
                0x000000000800397c                I2C1_IRQHandler
                0x000000000800397c                RTC_TAMP_IRQHandler
                0x000000000800397c                SPI1_IRQHandler
                0x000000000800397c                EXTI2_3_IRQHandler
                0x000000000800397c                ADC1_IRQHandler
                0x000000000800397c                I2C2_IRQHandler
                0x000000000800397c                TIM17_IRQHandler
                0x000000000800397c                TIM16_IRQHandler
                0x000000000800397c                EXTI4_15_IRQHandler
                0x000000000800397c                RCC_IRQHandler
                0x000000000800397c                Default_Handler
                0x000000000800397c                TIM14_IRQHandler
                0x000000000800397c                TIM7_IRQHandler
                0x000000000800397c                TIM15_IRQHandler
                0x000000000800397c                EXTI0_1_IRQHandler
                0x000000000800397c                SPI2_IRQHandler
                0x000000000800397c                WWDG_IRQHandler
                0x000000000800397c                DMA1_Ch4_7_DMAMUX1_OVR_IRQHandler
                0x000000000800397c                DMA1_Channel2_3_IRQHandler
                0x000000000800397c                USART2_IRQHandler
                0x000000000800397c                FLASH_IRQHandler
                0x000000000800397c                USART1_IRQHandler
                0x000000000800397c                TIM1_BRK_UP_TRG_COM_IRQHandler
 *fill*         0x000000000800397e        0x2 
 .text.HAL_Init
                0x0000000008003980       0x40 ./Drivers/STM32G0xx_HAL_Driver/Src/stm32g0xx_hal.o
                0x0000000008003980                HAL_Init
 .text.HAL_InitTick
                0x00000000080039c0       0x94 ./Drivers/STM32G0xx_HAL_Driver/Src/stm32g0xx_hal.o
                0x00000000080039c0                HAL_InitTick
 .text.HAL_IncTick
                0x0000000008003a54       0x24 ./Drivers/STM32G0xx_HAL_Driver/Src/stm32g0xx_hal.o
                0x0000000008003a54                HAL_IncTick
 .text.HAL_GetTick
                0x0000000008003a78       0x14 ./Drivers/STM32G0xx_HAL_Driver/Src/stm32g0xx_hal.o
                0x0000000008003a78                HAL_GetTick
 .text.LL_ADC_SetCommonPathInternalCh
                0x0000000008003a8c       0x28 ./Drivers/STM32G0xx_HAL_Driver/Src/stm32g0xx_hal_adc.o
 .text.LL_ADC_GetCommonPathInternalCh
                0x0000000008003ab4       0x1a ./Drivers/STM32G0xx_HAL_Driver/Src/stm32g0xx_hal_adc.o
 .text.LL_ADC_SetSamplingTimeCommonChannels
                0x0000000008003ace       0x3a ./Drivers/STM32G0xx_HAL_Driver/Src/stm32g0xx_hal_adc.o
 .text.LL_ADC_GetSamplingTimeCommonChannels
                0x0000000008003b08       0x2e ./Drivers/STM32G0xx_HAL_Driver/Src/stm32g0xx_hal_adc.o
 .text.LL_ADC_REG_SetSequencerRanks
                0x0000000008003b36       0x40 ./Drivers/STM32G0xx_HAL_Driver/Src/stm32g0xx_hal_adc.o
 .text.LL_ADC_REG_SetSequencerChAdd
                0x0000000008003b76       0x22 ./Drivers/STM32G0xx_HAL_Driver/Src/stm32g0xx_hal_adc.o
 .text.LL_ADC_REG_SetSequencerChRem
                0x0000000008003b98       0x24 ./Drivers/STM32G0xx_HAL_Driver/Src/stm32g0xx_hal_adc.o
 .text.LL_ADC_SetChannelSamplingTime
                0x0000000008003bbc       0x38 ./Drivers/STM32G0xx_HAL_Driver/Src/stm32g0xx_hal_adc.o
 .text.LL_ADC_EnableInternalRegulator
                0x0000000008003bf4       0x28 ./Drivers/STM32G0xx_HAL_Driver/Src/stm32g0xx_hal_adc.o
 .text.LL_ADC_IsInternalRegulatorEnabled
                0x0000000008003c1c       0x28 ./Drivers/STM32G0xx_HAL_Driver/Src/stm32g0xx_hal_adc.o
 .text.LL_ADC_IsEnabled
                0x0000000008003c44       0x22 ./Drivers/STM32G0xx_HAL_Driver/Src/stm32g0xx_hal_adc.o
 .text.LL_ADC_REG_IsConversionOngoing
                0x0000000008003c66       0x22 ./Drivers/STM32G0xx_HAL_Driver/Src/stm32g0xx_hal_adc.o
 .text.HAL_ADC_Init
                0x0000000008003c88      0x350 ./Drivers/STM32G0xx_HAL_Driver/Src/stm32g0xx_hal_adc.o
                0x0000000008003c88                HAL_ADC_Init
 .text.HAL_ADC_ConfigChannel
                0x0000000008003fd8      0x3b0 ./Drivers/STM32G0xx_HAL_Driver/Src/stm32g0xx_hal_adc.o
                0x0000000008003fd8                HAL_ADC_ConfigChannel
 .text.__NVIC_EnableIRQ
                0x0000000008004388       0x34 ./Drivers/STM32G0xx_HAL_Driver/Src/stm32g0xx_hal_cortex.o
 .text.__NVIC_SetPriority
                0x00000000080043bc       0xdc ./Drivers/STM32G0xx_HAL_Driver/Src/stm32g0xx_hal_cortex.o
 .text.SysTick_Config
                0x0000000008004498       0x48 ./Drivers/STM32G0xx_HAL_Driver/Src/stm32g0xx_hal_cortex.o
 .text.HAL_NVIC_SetPriority
                0x00000000080044e0       0x2a ./Drivers/STM32G0xx_HAL_Driver/Src/stm32g0xx_hal_cortex.o
                0x00000000080044e0                HAL_NVIC_SetPriority
 .text.HAL_NVIC_EnableIRQ
                0x000000000800450a       0x20 ./Drivers/STM32G0xx_HAL_Driver/Src/stm32g0xx_hal_cortex.o
                0x000000000800450a                HAL_NVIC_EnableIRQ
 .text.HAL_SYSTICK_Config
                0x000000000800452a       0x1a ./Drivers/STM32G0xx_HAL_Driver/Src/stm32g0xx_hal_cortex.o
                0x000000000800452a                HAL_SYSTICK_Config
 .text.HAL_DMA_Init
                0x0000000008004544      0x114 ./Drivers/STM32G0xx_HAL_Driver/Src/stm32g0xx_hal_dma.o
                0x0000000008004544                HAL_DMA_Init
 .text.HAL_DMA_Abort
                0x0000000008004658       0xc4 ./Drivers/STM32G0xx_HAL_Driver/Src/stm32g0xx_hal_dma.o
                0x0000000008004658                HAL_DMA_Abort
 .text.HAL_DMA_Abort_IT
                0x000000000800471c       0xd4 ./Drivers/STM32G0xx_HAL_Driver/Src/stm32g0xx_hal_dma.o
                0x000000000800471c                HAL_DMA_Abort_IT
 .text.HAL_DMA_IRQHandler
                0x00000000080047f0      0x164 ./Drivers/STM32G0xx_HAL_Driver/Src/stm32g0xx_hal_dma.o
                0x00000000080047f0                HAL_DMA_IRQHandler
 .text.DMA_CalcDMAMUXChannelBaseAndMask
                0x0000000008004954       0x58 ./Drivers/STM32G0xx_HAL_Driver/Src/stm32g0xx_hal_dma.o
 .text.DMA_CalcDMAMUXRequestGenBaseAndMask
                0x00000000080049ac       0x48 ./Drivers/STM32G0xx_HAL_Driver/Src/stm32g0xx_hal_dma.o
 .text.HAL_GPIO_Init
                0x00000000080049f4      0x2c8 ./Drivers/STM32G0xx_HAL_Driver/Src/stm32g0xx_hal_gpio.o
                0x00000000080049f4                HAL_GPIO_Init
 .text.HAL_GPIO_ReadPin
                0x0000000008004cbc       0x3a ./Drivers/STM32G0xx_HAL_Driver/Src/stm32g0xx_hal_gpio.o
                0x0000000008004cbc                HAL_GPIO_ReadPin
 .text.HAL_GPIO_WritePin
                0x0000000008004cf6       0x3a ./Drivers/STM32G0xx_HAL_Driver/Src/stm32g0xx_hal_gpio.o
                0x0000000008004cf6                HAL_GPIO_WritePin
 .text.HAL_PWREx_ControlVoltageScaling
                0x0000000008004d30       0x80 ./Drivers/STM32G0xx_HAL_Driver/Src/stm32g0xx_hal_pwr_ex.o
                0x0000000008004d30                HAL_PWREx_ControlVoltageScaling
 .text.LL_RCC_GetAPB1Prescaler
                0x0000000008004db0       0x18 ./Drivers/STM32G0xx_HAL_Driver/Src/stm32g0xx_hal_rcc.o
 .text.HAL_RCC_OscConfig
                0x0000000008004dc8      0x620 ./Drivers/STM32G0xx_HAL_Driver/Src/stm32g0xx_hal_rcc.o
                0x0000000008004dc8                HAL_RCC_OscConfig
 .text.HAL_RCC_ClockConfig
                0x00000000080053e8      0x210 ./Drivers/STM32G0xx_HAL_Driver/Src/stm32g0xx_hal_rcc.o
                0x00000000080053e8                HAL_RCC_ClockConfig
 .text.HAL_RCC_GetSysClockFreq
                0x00000000080055f8      0x104 ./Drivers/STM32G0xx_HAL_Driver/Src/stm32g0xx_hal_rcc.o
                0x00000000080055f8                HAL_RCC_GetSysClockFreq
 .text.HAL_RCC_GetHCLKFreq
                0x00000000080056fc       0x14 ./Drivers/STM32G0xx_HAL_Driver/Src/stm32g0xx_hal_rcc.o
                0x00000000080056fc                HAL_RCC_GetHCLKFreq
 .text.HAL_RCC_GetPCLK1Freq
                0x0000000008005710       0x2c ./Drivers/STM32G0xx_HAL_Driver/Src/stm32g0xx_hal_rcc.o
                0x0000000008005710                HAL_RCC_GetPCLK1Freq
 .text.HAL_TIM_Base_Init
                0x000000000800573c       0xb0 ./Drivers/STM32G0xx_HAL_Driver/Src/stm32g0xx_hal_tim.o
                0x000000000800573c                HAL_TIM_Base_Init
 .text.HAL_TIM_Base_Start_IT
                0x00000000080057ec       0xac ./Drivers/STM32G0xx_HAL_Driver/Src/stm32g0xx_hal_tim.o
                0x00000000080057ec                HAL_TIM_Base_Start_IT
 .text.HAL_TIM_IRQHandler
                0x0000000008005898      0x264 ./Drivers/STM32G0xx_HAL_Driver/Src/stm32g0xx_hal_tim.o
                0x0000000008005898                HAL_TIM_IRQHandler
 .text.HAL_TIM_ConfigClockSource
                0x0000000008005afc      0x1ac ./Drivers/STM32G0xx_HAL_Driver/Src/stm32g0xx_hal_tim.o
                0x0000000008005afc                HAL_TIM_ConfigClockSource
 .text.HAL_TIM_OC_DelayElapsedCallback
                0x0000000008005ca8       0x10 ./Drivers/STM32G0xx_HAL_Driver/Src/stm32g0xx_hal_tim.o
                0x0000000008005ca8                HAL_TIM_OC_DelayElapsedCallback
 .text.HAL_TIM_IC_CaptureCallback
                0x0000000008005cb8       0x10 ./Drivers/STM32G0xx_HAL_Driver/Src/stm32g0xx_hal_tim.o
                0x0000000008005cb8                HAL_TIM_IC_CaptureCallback
 .text.HAL_TIM_PWM_PulseFinishedCallback
                0x0000000008005cc8       0x10 ./Drivers/STM32G0xx_HAL_Driver/Src/stm32g0xx_hal_tim.o
                0x0000000008005cc8                HAL_TIM_PWM_PulseFinishedCallback
 .text.HAL_TIM_TriggerCallback
                0x0000000008005cd8       0x10 ./Drivers/STM32G0xx_HAL_Driver/Src/stm32g0xx_hal_tim.o
                0x0000000008005cd8                HAL_TIM_TriggerCallback
 .text.TIM_Base_SetConfig
                0x0000000008005ce8       0xec ./Drivers/STM32G0xx_HAL_Driver/Src/stm32g0xx_hal_tim.o
                0x0000000008005ce8                TIM_Base_SetConfig
 .text.TIM_TI1_ConfigInputStage
                0x0000000008005dd4       0x5c ./Drivers/STM32G0xx_HAL_Driver/Src/stm32g0xx_hal_tim.o
 .text.TIM_TI2_ConfigInputStage
                0x0000000008005e30       0x64 ./Drivers/STM32G0xx_HAL_Driver/Src/stm32g0xx_hal_tim.o
 .text.TIM_ITRx_SetConfig
                0x0000000008005e94       0x38 ./Drivers/STM32G0xx_HAL_Driver/Src/stm32g0xx_hal_tim.o
 .text.TIM_ETR_SetConfig
                0x0000000008005ecc       0x40 ./Drivers/STM32G0xx_HAL_Driver/Src/stm32g0xx_hal_tim.o
                0x0000000008005ecc                TIM_ETR_SetConfig
 .text.HAL_TIMEx_MasterConfigSynchronization
                0x0000000008005f0c       0xd0 ./Drivers/STM32G0xx_HAL_Driver/Src/stm32g0xx_hal_tim_ex.o
                0x0000000008005f0c                HAL_TIMEx_MasterConfigSynchronization
 .text.HAL_TIMEx_CommutCallback
                0x0000000008005fdc       0x10 ./Drivers/STM32G0xx_HAL_Driver/Src/stm32g0xx_hal_tim_ex.o
                0x0000000008005fdc                HAL_TIMEx_CommutCallback
 .text.HAL_TIMEx_BreakCallback
                0x0000000008005fec       0x10 ./Drivers/STM32G0xx_HAL_Driver/Src/stm32g0xx_hal_tim_ex.o
                0x0000000008005fec                HAL_TIMEx_BreakCallback
 .text.HAL_TIMEx_Break2Callback
                0x0000000008005ffc       0x10 ./Drivers/STM32G0xx_HAL_Driver/Src/stm32g0xx_hal_tim_ex.o
                0x0000000008005ffc                HAL_TIMEx_Break2Callback
 .text.HAL_UART_Init
                0x000000000800600c       0xac ./Drivers/STM32G0xx_HAL_Driver/Src/stm32g0xx_hal_uart.o
                0x000000000800600c                HAL_UART_Init
 .text.HAL_UART_Transmit
                0x00000000080060b8      0x138 ./Drivers/STM32G0xx_HAL_Driver/Src/stm32g0xx_hal_uart.o
                0x00000000080060b8                HAL_UART_Transmit
 .text.HAL_UART_Receive_IT
                0x00000000080061f0       0xae ./Drivers/STM32G0xx_HAL_Driver/Src/stm32g0xx_hal_uart.o
                0x00000000080061f0                HAL_UART_Receive_IT
 *fill*         0x000000000800629e        0x2 
 .text.HAL_UART_IRQHandler
                0x00000000080062a0      0x64c ./Drivers/STM32G0xx_HAL_Driver/Src/stm32g0xx_hal_uart.o
                0x00000000080062a0                HAL_UART_IRQHandler
 .text.HAL_UART_TxCpltCallback
                0x00000000080068ec       0x10 ./Drivers/STM32G0xx_HAL_Driver/Src/stm32g0xx_hal_uart.o
                0x00000000080068ec                HAL_UART_TxCpltCallback
 .text.HAL_UART_ErrorCallback
                0x00000000080068fc       0x10 ./Drivers/STM32G0xx_HAL_Driver/Src/stm32g0xx_hal_uart.o
                0x00000000080068fc                HAL_UART_ErrorCallback
 .text.HAL_UARTEx_RxEventCallback
                0x000000000800690c       0x16 ./Drivers/STM32G0xx_HAL_Driver/Src/stm32g0xx_hal_uart.o
                0x000000000800690c                HAL_UARTEx_RxEventCallback
 *fill*         0x0000000008006922        0x2 
 .text.UART_SetConfig
                0x0000000008006924      0x348 ./Drivers/STM32G0xx_HAL_Driver/Src/stm32g0xx_hal_uart.o
                0x0000000008006924                UART_SetConfig
 .text.UART_AdvFeatureConfig
                0x0000000008006c6c      0x168 ./Drivers/STM32G0xx_HAL_Driver/Src/stm32g0xx_hal_uart.o
                0x0000000008006c6c                UART_AdvFeatureConfig
 .text.UART_CheckIdleState
                0x0000000008006dd4       0x9c ./Drivers/STM32G0xx_HAL_Driver/Src/stm32g0xx_hal_uart.o
                0x0000000008006dd4                UART_CheckIdleState
 .text.UART_WaitOnFlagUntilTimeout
                0x0000000008006e70      0x190 ./Drivers/STM32G0xx_HAL_Driver/Src/stm32g0xx_hal_uart.o
                0x0000000008006e70                UART_WaitOnFlagUntilTimeout
 .text.UART_Start_Receive_IT
                0x0000000008007000      0x248 ./Drivers/STM32G0xx_HAL_Driver/Src/stm32g0xx_hal_uart.o
                0x0000000008007000                UART_Start_Receive_IT
 .text.UART_EndRxTransfer
                0x0000000008007248       0xcc ./Drivers/STM32G0xx_HAL_Driver/Src/stm32g0xx_hal_uart.o
 .text.UART_DMAAbortOnError
                0x0000000008007314       0x2e ./Drivers/STM32G0xx_HAL_Driver/Src/stm32g0xx_hal_uart.o
 .text.UART_EndTransmit_IT
                0x0000000008007342       0x58 ./Drivers/STM32G0xx_HAL_Driver/Src/stm32g0xx_hal_uart.o
 *fill*         0x000000000800739a        0x2 
 .text.UART_RxISR_8BIT
                0x000000000800739c      0x174 ./Drivers/STM32G0xx_HAL_Driver/Src/stm32g0xx_hal_uart.o
 .text.UART_RxISR_16BIT
                0x0000000008007510      0x174 ./Drivers/STM32G0xx_HAL_Driver/Src/stm32g0xx_hal_uart.o
 .text.UART_RxISR_8BIT_FIFOEN
                0x0000000008007684      0x2ec ./Drivers/STM32G0xx_HAL_Driver/Src/stm32g0xx_hal_uart.o
 .text.UART_RxISR_16BIT_FIFOEN
                0x0000000008007970      0x2ec ./Drivers/STM32G0xx_HAL_Driver/Src/stm32g0xx_hal_uart.o
 .text.HAL_UARTEx_WakeupCallback
                0x0000000008007c5c       0x10 ./Drivers/STM32G0xx_HAL_Driver/Src/stm32g0xx_hal_uart_ex.o
                0x0000000008007c5c                HAL_UARTEx_WakeupCallback
 .text.HAL_UARTEx_RxFifoFullCallback
                0x0000000008007c6c       0x10 ./Drivers/STM32G0xx_HAL_Driver/Src/stm32g0xx_hal_uart_ex.o
                0x0000000008007c6c                HAL_UARTEx_RxFifoFullCallback
 .text.HAL_UARTEx_TxFifoEmptyCallback
                0x0000000008007c7c       0x10 ./Drivers/STM32G0xx_HAL_Driver/Src/stm32g0xx_hal_uart_ex.o
                0x0000000008007c7c                HAL_UARTEx_TxFifoEmptyCallback
 .text.__errno  0x0000000008007c8c        0xc c:/st/stm32cubeide_1.12.1/stm32cubeide/plugins/com.st.stm32cube.ide.mcu.externaltools.gnu-tools-for-stm32.10.3-2021.10.win32_1.0.200.202301161003/tools/bin/../lib/gcc/arm-none-eabi/10.3.1/../../../../arm-none-eabi/lib/thumb/v6-m/nofp\libc_nano.a(lib_a-errno.o)
                0x0000000008007c8c                __errno
 .text.__libc_init_array
                0x0000000008007c98       0x48 c:/st/stm32cubeide_1.12.1/stm32cubeide/plugins/com.st.stm32cube.ide.mcu.externaltools.gnu-tools-for-stm32.10.3-2021.10.win32_1.0.200.202301161003/tools/bin/../lib/gcc/arm-none-eabi/10.3.1/../../../../arm-none-eabi/lib/thumb/v6-m/nofp\libc_nano.a(lib_a-init.o)
                0x0000000008007c98                __libc_init_array
 .text.memcpy   0x0000000008007ce0       0x12 c:/st/stm32cubeide_1.12.1/stm32cubeide/plugins/com.st.stm32cube.ide.mcu.externaltools.gnu-tools-for-stm32.10.3-2021.10.win32_1.0.200.202301161003/tools/bin/../lib/gcc/arm-none-eabi/10.3.1/../../../../arm-none-eabi/lib/thumb/v6-m/nofp\libc_nano.a(lib_a-memcpy-stub.o)
                0x0000000008007ce0                memcpy
 .text.memset   0x0000000008007cf2       0x10 c:/st/stm32cubeide_1.12.1/stm32cubeide/plugins/com.st.stm32cube.ide.mcu.externaltools.gnu-tools-for-stm32.10.3-2021.10.win32_1.0.200.202301161003/tools/bin/../lib/gcc/arm-none-eabi/10.3.1/../../../../arm-none-eabi/lib/thumb/v6-m/nofp\libc_nano.a(lib_a-memset.o)
                0x0000000008007cf2                memset
 *fill*         0x0000000008007d02        0x2 
 .text.sprintf  0x0000000008007d04       0x40 c:/st/stm32cubeide_1.12.1/stm32cubeide/plugins/com.st.stm32cube.ide.mcu.externaltools.gnu-tools-for-stm32.10.3-2021.10.win32_1.0.200.202301161003/tools/bin/../lib/gcc/arm-none-eabi/10.3.1/../../../../arm-none-eabi/lib/thumb/v6-m/nofp\libc_nano.a(lib_a-sprintf.o)
                0x0000000008007d04                siprintf
                0x0000000008007d04                sprintf
 .text.__ssputs_r
                0x0000000008007d44       0xc4 c:/st/stm32cubeide_1.12.1/stm32cubeide/plugins/com.st.stm32cube.ide.mcu.externaltools.gnu-tools-for-stm32.10.3-2021.10.win32_1.0.200.202301161003/tools/bin/../lib/gcc/arm-none-eabi/10.3.1/../../../../arm-none-eabi/lib/thumb/v6-m/nofp\libc_nano.a(lib_a-nano-svfprintf.o)
                0x0000000008007d44                __ssputs_r
 .text._svfprintf_r
                0x0000000008007e08      0x200 c:/st/stm32cubeide_1.12.1/stm32cubeide/plugins/com.st.stm32cube.ide.mcu.externaltools.gnu-tools-for-stm32.10.3-2021.10.win32_1.0.200.202301161003/tools/bin/../lib/gcc/arm-none-eabi/10.3.1/../../../../arm-none-eabi/lib/thumb/v6-m/nofp\libc_nano.a(lib_a-nano-svfprintf.o)
                0x0000000008007e08                _svfiprintf_r
                0x0000000008007e08                _svfprintf_r
 .text._printf_common
                0x0000000008008008       0xde c:/st/stm32cubeide_1.12.1/stm32cubeide/plugins/com.st.stm32cube.ide.mcu.externaltools.gnu-tools-for-stm32.10.3-2021.10.win32_1.0.200.202301161003/tools/bin/../lib/gcc/arm-none-eabi/10.3.1/../../../../arm-none-eabi/lib/thumb/v6-m/nofp\libc_nano.a(lib_a-nano-vfprintf_i.o)
                0x0000000008008008                _printf_common
 *fill*         0x00000000080080e6        0x2 
 .text._printf_i
                0x00000000080080e8      0x224 c:/st/stm32cubeide_1.12.1/stm32cubeide/plugins/com.st.stm32cube.ide.mcu.externaltools.gnu-tools-for-stm32.10.3-2021.10.win32_1.0.200.202301161003/tools/bin/../lib/gcc/arm-none-eabi/10.3.1/../../../../arm-none-eabi/lib/thumb/v6-m/nofp\libc_nano.a(lib_a-nano-vfprintf_i.o)
                0x00000000080080e8                _printf_i
 .text.memchr   0x000000000800830c       0x16 c:/st/stm32cubeide_1.12.1/stm32cubeide/plugins/com.st.stm32cube.ide.mcu.externaltools.gnu-tools-for-stm32.10.3-2021.10.win32_1.0.200.202301161003/tools/bin/../lib/gcc/arm-none-eabi/10.3.1/../../../../arm-none-eabi/lib/thumb/v6-m/nofp\libc_nano.a(lib_a-memchr-stub.o)
                0x000000000800830c                memchr
 .text.memmove  0x0000000008008322       0x26 c:/st/stm32cubeide_1.12.1/stm32cubeide/plugins/com.st.stm32cube.ide.mcu.externaltools.gnu-tools-for-stm32.10.3-2021.10.win32_1.0.200.202301161003/tools/bin/../lib/gcc/arm-none-eabi/10.3.1/../../../../arm-none-eabi/lib/thumb/v6-m/nofp\libc_nano.a(lib_a-memmove.o)
                0x0000000008008322                memmove
 .text._free_r  0x0000000008008348       0x94 c:/st/stm32cubeide_1.12.1/stm32cubeide/plugins/com.st.stm32cube.ide.mcu.externaltools.gnu-tools-for-stm32.10.3-2021.10.win32_1.0.200.202301161003/tools/bin/../lib/gcc/arm-none-eabi/10.3.1/../../../../arm-none-eabi/lib/thumb/v6-m/nofp\libc_nano.a(lib_a-nano-freer.o)
                0x0000000008008348                _free_r
 .text.sbrk_aligned
                0x00000000080083dc       0x44 c:/st/stm32cubeide_1.12.1/stm32cubeide/plugins/com.st.stm32cube.ide.mcu.externaltools.gnu-tools-for-stm32.10.3-2021.10.win32_1.0.200.202301161003/tools/bin/../lib/gcc/arm-none-eabi/10.3.1/../../../../arm-none-eabi/lib/thumb/v6-m/nofp\libc_nano.a(lib_a-nano-mallocr.o)
 .text._malloc_r
                0x0000000008008420       0xec c:/st/stm32cubeide_1.12.1/stm32cubeide/plugins/com.st.stm32cube.ide.mcu.externaltools.gnu-tools-for-stm32.10.3-2021.10.win32_1.0.200.202301161003/tools/bin/../lib/gcc/arm-none-eabi/10.3.1/../../../../arm-none-eabi/lib/thumb/v6-m/nofp\libc_nano.a(lib_a-nano-mallocr.o)
                0x0000000008008420                _malloc_r
 .text._realloc_r
                0x000000000800850c       0x5e c:/st/stm32cubeide_1.12.1/stm32cubeide/plugins/com.st.stm32cube.ide.mcu.externaltools.gnu-tools-for-stm32.10.3-2021.10.win32_1.0.200.202301161003/tools/bin/../lib/gcc/arm-none-eabi/10.3.1/../../../../arm-none-eabi/lib/thumb/v6-m/nofp\libc_nano.a(lib_a-nano-reallocr.o)
                0x000000000800850c                _realloc_r
 *fill*         0x000000000800856a        0x2 
 .text._sbrk_r  0x000000000800856c       0x24 c:/st/stm32cubeide_1.12.1/stm32cubeide/plugins/com.st.stm32cube.ide.mcu.externaltools.gnu-tools-for-stm32.10.3-2021.10.win32_1.0.200.202301161003/tools/bin/../lib/gcc/arm-none-eabi/10.3.1/../../../../arm-none-eabi/lib/thumb/v6-m/nofp\libc_nano.a(lib_a-sbrkr.o)
                0x000000000800856c                _sbrk_r
 .text.__malloc_lock
                0x0000000008008590       0x10 c:/st/stm32cubeide_1.12.1/stm32cubeide/plugins/com.st.stm32cube.ide.mcu.externaltools.gnu-tools-for-stm32.10.3-2021.10.win32_1.0.200.202301161003/tools/bin/../lib/gcc/arm-none-eabi/10.3.1/../../../../arm-none-eabi/lib/thumb/v6-m/nofp\libc_nano.a(lib_a-mlock.o)
                0x0000000008008590                __malloc_lock
 .text.__malloc_unlock
                0x00000000080085a0       0x10 c:/st/stm32cubeide_1.12.1/stm32cubeide/plugins/com.st.stm32cube.ide.mcu.externaltools.gnu-tools-for-stm32.10.3-2021.10.win32_1.0.200.202301161003/tools/bin/../lib/gcc/arm-none-eabi/10.3.1/../../../../arm-none-eabi/lib/thumb/v6-m/nofp\libc_nano.a(lib_a-mlock.o)
                0x00000000080085a0                __malloc_unlock
 .text._malloc_usable_size_r
                0x00000000080085b0       0x10 c:/st/stm32cubeide_1.12.1/stm32cubeide/plugins/com.st.stm32cube.ide.mcu.externaltools.gnu-tools-for-stm32.10.3-2021.10.win32_1.0.200.202301161003/tools/bin/../lib/gcc/arm-none-eabi/10.3.1/../../../../arm-none-eabi/lib/thumb/v6-m/nofp\libc_nano.a(lib_a-nano-msizer.o)
                0x00000000080085b0                _malloc_usable_size_r
 .text.__retarget_lock_acquire_recursive
                0x00000000080085c0        0x2 c:/st/stm32cubeide_1.12.1/stm32cubeide/plugins/com.st.stm32cube.ide.mcu.externaltools.gnu-tools-for-stm32.10.3-2021.10.win32_1.0.200.202301161003/tools/bin/../lib/gcc/arm-none-eabi/10.3.1/../../../../arm-none-eabi/lib/thumb/v6-m/nofp\libc_nano.a(lib_a-lock.o)
                0x00000000080085c0                __retarget_lock_acquire_recursive
 .text.__retarget_lock_release_recursive
                0x00000000080085c2        0x2 c:/st/stm32cubeide_1.12.1/stm32cubeide/plugins/com.st.stm32cube.ide.mcu.externaltools.gnu-tools-for-stm32.10.3-2021.10.win32_1.0.200.202301161003/tools/bin/../lib/gcc/arm-none-eabi/10.3.1/../../../../arm-none-eabi/lib/thumb/v6-m/nofp\libc_nano.a(lib_a-lock.o)
                0x00000000080085c2                __retarget_lock_release_recursive
 *(.glue_7)
 .glue_7        0x00000000080085c4        0x0 linker stubs
 *(.glue_7t)
 .glue_7t       0x00000000080085c4        0x0 linker stubs
 *(.eh_frame)
 .eh_frame      0x00000000080085c4        0x0 c:/st/stm32cubeide_1.12.1/stm32cubeide/plugins/com.st.stm32cube.ide.mcu.externaltools.gnu-tools-for-stm32.10.3-2021.10.win32_1.0.200.202301161003/tools/bin/../lib/gcc/arm-none-eabi/10.3.1/thumb/v6-m/nofp/crtbegin.o
 *(.init)
 .init          0x00000000080085c4        0x4 c:/st/stm32cubeide_1.12.1/stm32cubeide/plugins/com.st.stm32cube.ide.mcu.externaltools.gnu-tools-for-stm32.10.3-2021.10.win32_1.0.200.202301161003/tools/bin/../lib/gcc/arm-none-eabi/10.3.1/thumb/v6-m/nofp/crti.o
                0x00000000080085c4                _init
 .init          0x00000000080085c8        0x8 c:/st/stm32cubeide_1.12.1/stm32cubeide/plugins/com.st.stm32cube.ide.mcu.externaltools.gnu-tools-for-stm32.10.3-2021.10.win32_1.0.200.202301161003/tools/bin/../lib/gcc/arm-none-eabi/10.3.1/thumb/v6-m/nofp/crtn.o
 *(.fini)
 .fini          0x00000000080085d0        0x4 c:/st/stm32cubeide_1.12.1/stm32cubeide/plugins/com.st.stm32cube.ide.mcu.externaltools.gnu-tools-for-stm32.10.3-2021.10.win32_1.0.200.202301161003/tools/bin/../lib/gcc/arm-none-eabi/10.3.1/thumb/v6-m/nofp/crti.o
                0x00000000080085d0                _fini
 .fini          0x00000000080085d4        0x8 c:/st/stm32cubeide_1.12.1/stm32cubeide/plugins/com.st.stm32cube.ide.mcu.externaltools.gnu-tools-for-stm32.10.3-2021.10.win32_1.0.200.202301161003/tools/bin/../lib/gcc/arm-none-eabi/10.3.1/thumb/v6-m/nofp/crtn.o
                0x00000000080085dc                . = ALIGN (0x4)
                0x00000000080085dc                _etext = .

.vfp11_veneer   0x00000000080085dc        0x0
 .vfp11_veneer  0x00000000080085dc        0x0 linker stubs

.v4_bx          0x00000000080085dc        0x0
 .v4_bx         0x00000000080085dc        0x0 linker stubs

.iplt           0x00000000080085dc        0x0
 .iplt          0x00000000080085dc        0x0 c:/st/stm32cubeide_1.12.1/stm32cubeide/plugins/com.st.stm32cube.ide.mcu.externaltools.gnu-tools-for-stm32.10.3-2021.10.win32_1.0.200.202301161003/tools/bin/../lib/gcc/arm-none-eabi/10.3.1/thumb/v6-m/nofp/crtbegin.o

.rodata         0x00000000080085dc      0x3f0
                0x00000000080085dc                . = ALIGN (0x4)
 *(.rodata)
 .rodata        0x00000000080085dc       0xfc ./Core/Src/APP/water_out.o
 .rodata        0x00000000080086d8        0x4 ./Core/Src/DEVICE/flow_meter.o
 .rodata        0x00000000080086dc      0x1f9 ./Core/Src/fsm.o
 *(.rodata*)
 *fill*         0x00000000080088d5        0x3 
 .rodata.TEMP_check
                0x00000000080088d8       0x18 ./Core/Src/APP/water_out.o
 .rodata.WATER_LEVEL_check
                0x00000000080088f0       0x14 ./Core/Src/APP/water_out.o
 .rodata.fsm_uart
                0x0000000008008904       0x1c ./Core/Src/fsm.o
 .rodata.AHBPrescTable
                0x0000000008008920       0x40 ./Core/Src/system_stm32g0xx.o
                0x0000000008008920                AHBPrescTable
 .rodata.APBPrescTable
                0x0000000008008960       0x20 ./Core/Src/system_stm32g0xx.o
                0x0000000008008960                APBPrescTable
 .rodata.UARTPrescTable
                0x0000000008008980       0x18 ./Drivers/STM32G0xx_HAL_Driver/Src/stm32g0xx_hal_uart.o
                0x0000000008008980                UARTPrescTable
 .rodata._svfprintf_r.str1.1
                0x0000000008008998       0x11 c:/st/stm32cubeide_1.12.1/stm32cubeide/plugins/com.st.stm32cube.ide.mcu.externaltools.gnu-tools-for-stm32.10.3-2021.10.win32_1.0.200.202301161003/tools/bin/../lib/gcc/arm-none-eabi/10.3.1/../../../../arm-none-eabi/lib/thumb/v6-m/nofp\libc_nano.a(lib_a-nano-svfprintf.o)
 .rodata._printf_i.str1.1
                0x00000000080089a9       0x22 c:/st/stm32cubeide_1.12.1/stm32cubeide/plugins/com.st.stm32cube.ide.mcu.externaltools.gnu-tools-for-stm32.10.3-2021.10.win32_1.0.200.202301161003/tools/bin/../lib/gcc/arm-none-eabi/10.3.1/../../../../arm-none-eabi/lib/thumb/v6-m/nofp\libc_nano.a(lib_a-nano-vfprintf_i.o)
                0x00000000080089cc                . = ALIGN (0x4)
 *fill*         0x00000000080089cb        0x1 

.rel.dyn        0x00000000080089cc        0x0
 .rel.iplt      0x00000000080089cc        0x0 c:/st/stm32cubeide_1.12.1/stm32cubeide/plugins/com.st.stm32cube.ide.mcu.externaltools.gnu-tools-for-stm32.10.3-2021.10.win32_1.0.200.202301161003/tools/bin/../lib/gcc/arm-none-eabi/10.3.1/thumb/v6-m/nofp/crtbegin.o

.ARM.extab      0x00000000080089cc        0x0
                0x00000000080089cc                . = ALIGN (0x4)
 *(.ARM.extab* .gnu.linkonce.armextab.*)
                0x00000000080089cc                . = ALIGN (0x4)

.ARM            0x00000000080089cc        0x0
                0x00000000080089cc                . = ALIGN (0x4)
                0x00000000080089cc                __exidx_start = .
 *(.ARM.exidx*)
                0x00000000080089cc                __exidx_end = .
                0x00000000080089cc                . = ALIGN (0x4)

.preinit_array  0x00000000080089cc        0x0
                0x00000000080089cc                . = ALIGN (0x4)
                0x00000000080089cc                PROVIDE (__preinit_array_start = .)
 *(.preinit_array*)
                0x00000000080089cc                PROVIDE (__preinit_array_end = .)
                0x00000000080089cc                . = ALIGN (0x4)

.init_array     0x00000000080089cc        0x4
                0x00000000080089cc                . = ALIGN (0x4)
                0x00000000080089cc                PROVIDE (__init_array_start = .)
 *(SORT_BY_NAME(.init_array.*))
 *(.init_array*)
 .init_array    0x00000000080089cc        0x4 c:/st/stm32cubeide_1.12.1/stm32cubeide/plugins/com.st.stm32cube.ide.mcu.externaltools.gnu-tools-for-stm32.10.3-2021.10.win32_1.0.200.202301161003/tools/bin/../lib/gcc/arm-none-eabi/10.3.1/thumb/v6-m/nofp/crtbegin.o
                0x00000000080089d0                PROVIDE (__init_array_end = .)
                0x00000000080089d0                . = ALIGN (0x4)

.fini_array     0x00000000080089d0        0x4
                0x00000000080089d0                . = ALIGN (0x4)
                [!provide]                        PROVIDE (__fini_array_start = .)
 *(SORT_BY_NAME(.fini_array.*))
 *(.fini_array*)
 .fini_array    0x00000000080089d0        0x4 c:/st/stm32cubeide_1.12.1/stm32cubeide/plugins/com.st.stm32cube.ide.mcu.externaltools.gnu-tools-for-stm32.10.3-2021.10.win32_1.0.200.202301161003/tools/bin/../lib/gcc/arm-none-eabi/10.3.1/thumb/v6-m/nofp/crtbegin.o
                [!provide]                        PROVIDE (__fini_array_end = .)
                0x00000000080089d4                . = ALIGN (0x4)
                0x00000000080089d4                _sidata = LOADADDR (.data)

.data           0x0000000020000000      0x3e8 load address 0x00000000080089d4
                0x0000000020000000                . = ALIGN (0x4)
                0x0000000020000000                _sdata = .
 *(.data)
 *(.data*)
 .data.waterout
                0x0000000020000000       0x48 ./Core/Src/DEVICE/hotwater.o
                0x0000000020000000                waterout
 .data.hadc1    0x0000000020000048       0x64 ./Core/Src/HAL/adc.o
                0x0000000020000048                hadc1
 .data.htim3    0x00000000200000ac       0x4c ./Core/Src/HAL/timer.o
                0x00000000200000ac                htim3
 .data.huart1   0x00000000200000f8       0x94 ./Core/Src/HAL/uart.o
                0x00000000200000f8                huart1
 .data.huart2   0x000000002000018c       0x94 ./Core/Src/HAL/uart.o
                0x000000002000018c                huart2
 .data.huart3   0x0000000020000220       0x94 ./Core/Src/HAL/uart.o
                0x0000000020000220                huart3
 .data.huart4   0x00000000200002b4       0x94 ./Core/Src/HAL/uart.o
                0x00000000200002b4                huart4
 .data.uart_table
                0x0000000020000348       0x30 ./Core/Src/HAL/uart.o
 .data.SystemCoreClock
                0x0000000020000378        0x4 ./Core/Src/system_stm32g0xx.o
                0x0000000020000378                SystemCoreClock
 .data.uwTickPrio
                0x000000002000037c        0x4 ./Drivers/STM32G0xx_HAL_Driver/Src/stm32g0xx_hal.o
                0x000000002000037c                uwTickPrio
 .data.uwTickFreq
                0x0000000020000380        0x1 ./Drivers/STM32G0xx_HAL_Driver/Src/stm32g0xx_hal.o
                0x0000000020000380                uwTickFreq
 *fill*         0x0000000020000381        0x3 
 .data._impure_ptr
                0x0000000020000384        0x4 c:/st/stm32cubeide_1.12.1/stm32cubeide/plugins/com.st.stm32cube.ide.mcu.externaltools.gnu-tools-for-stm32.10.3-2021.10.win32_1.0.200.202301161003/tools/bin/../lib/gcc/arm-none-eabi/10.3.1/../../../../arm-none-eabi/lib/thumb/v6-m/nofp\libc_nano.a(lib_a-impure.o)
                0x0000000020000384                _impure_ptr
 .data.impure_data
                0x0000000020000388       0x60 c:/st/stm32cubeide_1.12.1/stm32cubeide/plugins/com.st.stm32cube.ide.mcu.externaltools.gnu-tools-for-stm32.10.3-2021.10.win32_1.0.200.202301161003/tools/bin/../lib/gcc/arm-none-eabi/10.3.1/../../../../arm-none-eabi/lib/thumb/v6-m/nofp\libc_nano.a(lib_a-impure.o)
 *(.RamFunc)
 *(.RamFunc*)
                0x00000000200003e8                . = ALIGN (0x4)
                0x00000000200003e8                _edata = .

.igot.plt       0x00000000200003e8        0x0 load address 0x0000000008008dbc
 .igot.plt      0x00000000200003e8        0x0 c:/st/stm32cubeide_1.12.1/stm32cubeide/plugins/com.st.stm32cube.ide.mcu.externaltools.gnu-tools-for-stm32.10.3-2021.10.win32_1.0.200.202301161003/tools/bin/../lib/gcc/arm-none-eabi/10.3.1/thumb/v6-m/nofp/crtbegin.o
                0x00000000200003e8                . = ALIGN (0x4)

.bss            0x00000000200003e8     0x2774 load address 0x0000000008008dbc
                0x00000000200003e8                _sbss = .
                0x00000000200003e8                __bss_start__ = _sbss
 *(.bss)
 .bss           0x00000000200003e8       0x1c c:/st/stm32cubeide_1.12.1/stm32cubeide/plugins/com.st.stm32cube.ide.mcu.externaltools.gnu-tools-for-stm32.10.3-2021.10.win32_1.0.200.202301161003/tools/bin/../lib/gcc/arm-none-eabi/10.3.1/thumb/v6-m/nofp/crtbegin.o
 *(.bss*)
 .bss.timeout_temp
                0x0000000020000404        0x2 ./Core/Src/APP/water_out.o
 *fill*         0x0000000020000406        0x2 
 .bss.timeout_flow
                0x0000000020000408        0x2 ./Core/Src/APP/water_out.o
 *fill*         0x000000002000040a        0x2 
 .bss.timeout_water_level
                0x000000002000040c        0x2 ./Core/Src/APP/water_out.o
 *fill*         0x000000002000040e        0x2 
 .bss.timeout_temp_id
                0x0000000020000410        0x8 ./Core/Src/APP/water_out.o
 .bss.timeout_flow_id
                0x0000000020000418        0x8 ./Core/Src/APP/water_out.o
 .bss.timeout_water_level_id
                0x0000000020000420        0x8 ./Core/Src/APP/water_out.o
 .bss.counter_temp
                0x0000000020000428        0x8 ./Core/Src/APP/water_out.o
 .bss.counter_water_level
                0x0000000020000430        0x8 ./Core/Src/APP/water_out.o
 .bss.MSG_temp  0x0000000020000438       0x64 ./Core/Src/APP/water_out.o
 .bss.MSG_flow  0x000000002000049c       0x64 ./Core/Src/APP/water_out.o
 .bss.MSG_water
                0x0000000020000500       0x64 ./Core/Src/APP/water_out.o
 .bss.temp_state
                0x0000000020000564        0x2 ./Core/Src/APP/water_out.o
 *fill*         0x0000000020000566        0x2 
 .bss.water_state
                0x0000000020000568        0x2 ./Core/Src/APP/water_out.o
 *fill*         0x000000002000056a        0x2 
 .bss.flow_state
                0x000000002000056c        0x2 ./Core/Src/APP/water_out.o
 *fill*         0x000000002000056e        0x2 
 .bss.system_state
                0x0000000020000570        0x2 ./Core/Src/APP/water_out.o
 *fill*         0x0000000020000572        0x2 
 .bss.flag_liter
                0x0000000020000574        0x2 ./Core/Src/APP/water_out.o
 *fill*         0x0000000020000576        0x2 
 .bss.liter     0x0000000020000578        0x8 ./Core/Src/APP/water_out.o
 .bss.toltal_pulse
                0x0000000020000580       0x10 ./Core/Src/DEVICE/flow_meter.o
 .bss.toltal_pulse1
                0x0000000020000590       0x10 ./Core/Src/DEVICE/flow_meter.o
 .bss.toltal_pulse2
                0x00000000200005a0       0x10 ./Core/Src/DEVICE/flow_meter.o
 .bss.pulse     0x00000000200005b0       0x10 ./Core/Src/DEVICE/flow_meter.o
 .bss.flag      0x00000000200005c0        0x2 ./Core/Src/DEVICE/flow_meter.o
 *fill*         0x00000000200005c2        0x2 
 .bss.pre       0x00000000200005c4        0x2 ./Core/Src/DEVICE/flow_meter.o
 *fill*         0x00000000200005c6        0x2 
 .bss.cur       0x00000000200005c8        0x2 ./Core/Src/DEVICE/flow_meter.o
 .bss.wt_lv0    0x00000000200005ca        0x1 ./Core/Src/DEVICE/hotwater.o
                0x00000000200005ca                wt_lv0
 .bss.wt_lv1    0x00000000200005cb        0x1 ./Core/Src/DEVICE/hotwater.o
                0x00000000200005cb                wt_lv1
 .bss._temp     0x00000000200005cc        0x4 ./Core/Src/DEVICE/ntc.o
 .bss.hdma_adc1
                0x00000000200005d0       0x5c ./Core/Src/HAL/adc.o
                0x00000000200005d0                hdma_adc1
 .bss.timer_counter
                0x000000002000062c       0x28 ./Core/Src/HAL/timer.o
                0x000000002000062c                timer_counter
 .bss.timer_flag
                0x0000000020000654       0x28 ./Core/Src/HAL/timer.o
                0x0000000020000654                timer_flag
 .bss.flag_uart
                0x000000002000067c       0x10 ./Core/Src/HAL/uart.o
                0x000000002000067c                flag_uart
 .bss.uart_buffer
                0x000000002000068c     0x2040 ./Core/Src/HAL/uart.o
 .bss.state1    0x00000000200026cc        0x4 ./Core/Src/fsm.o
 .bss.state2    0x00000000200026d0        0x4 ./Core/Src/fsm.o
                0x00000000200026d0                state2
 .bss.count     0x00000000200026d4        0x4 ./Core/Src/fsm.o
                0x00000000200026d4                count
 .bss.buffer    0x00000000200026d8        0xc ./Core/Src/fsm.o
                0x00000000200026d8                buffer
 .bss.STRING1   0x00000000200026e4       0x32 ./Core/Src/fsm.o
                0x00000000200026e4                STRING1
 *fill*         0x0000000020002716        0x2 
 .bss.STRING2   0x0000000020002718       0x32 ./Core/Src/fsm.o
                0x0000000020002718                STRING2
 *fill*         0x000000002000274a        0x2 
 .bss.STRING3   0x000000002000274c       0x32 ./Core/Src/fsm.o
                0x000000002000274c                STRING3
 *fill*         0x000000002000277e        0x2 
 .bss.STRING4   0x0000000020002780       0x32 ./Core/Src/fsm.o
                0x0000000020002780                STRING4
 *fill*         0x00000000200027b2        0x2 
 .bss.STRING5   0x00000000200027b4       0x32 ./Core/Src/fsm.o
                0x00000000200027b4                STRING5
 *fill*         0x00000000200027e6        0x2 
 .bss.STRING6   0x00000000200027e8       0x32 ./Core/Src/fsm.o
                0x00000000200027e8                STRING6
 *fill*         0x000000002000281a        0x2 
 .bss.SCH_tasks_G
                0x000000002000281c      0x320 ./Core/Src/scheduler.o
 .bss.newTaskID
                0x0000000020002b3c        0x4 ./Core/Src/scheduler.o
 .bss.count_SCH_Update
                0x0000000020002b40        0x4 ./Core/Src/scheduler.o
 .bss.__sbrk_heap_end
                0x0000000020002b44        0x4 ./Core/Src/sysmem.o
 .bss.uwTick    0x0000000020002b48        0x4 ./Drivers/STM32G0xx_HAL_Driver/Src/stm32g0xx_hal.o
                0x0000000020002b48                uwTick
 .bss.__malloc_free_list
                0x0000000020002b4c        0x4 c:/st/stm32cubeide_1.12.1/stm32cubeide/plugins/com.st.stm32cube.ide.mcu.externaltools.gnu-tools-for-stm32.10.3-2021.10.win32_1.0.200.202301161003/tools/bin/../lib/gcc/arm-none-eabi/10.3.1/../../../../arm-none-eabi/lib/thumb/v6-m/nofp\libc_nano.a(lib_a-nano-mallocr.o)
                0x0000000020002b4c                __malloc_free_list
 .bss.__malloc_sbrk_start
                0x0000000020002b50        0x4 c:/st/stm32cubeide_1.12.1/stm32cubeide/plugins/com.st.stm32cube.ide.mcu.externaltools.gnu-tools-for-stm32.10.3-2021.10.win32_1.0.200.202301161003/tools/bin/../lib/gcc/arm-none-eabi/10.3.1/../../../../arm-none-eabi/lib/thumb/v6-m/nofp\libc_nano.a(lib_a-nano-mallocr.o)
                0x0000000020002b50                __malloc_sbrk_start
 .bss.errno     0x0000000020002b54        0x4 c:/st/stm32cubeide_1.12.1/stm32cubeide/plugins/com.st.stm32cube.ide.mcu.externaltools.gnu-tools-for-stm32.10.3-2021.10.win32_1.0.200.202301161003/tools/bin/../lib/gcc/arm-none-eabi/10.3.1/../../../../arm-none-eabi/lib/thumb/v6-m/nofp\libc_nano.a(lib_a-reent.o)
                0x0000000020002b54                errno
 .bss.__lock___malloc_recursive_mutex
                0x0000000020002b58        0x1 c:/st/stm32cubeide_1.12.1/stm32cubeide/plugins/com.st.stm32cube.ide.mcu.externaltools.gnu-tools-for-stm32.10.3-2021.10.win32_1.0.200.202301161003/tools/bin/../lib/gcc/arm-none-eabi/10.3.1/../../../../arm-none-eabi/lib/thumb/v6-m/nofp\libc_nano.a(lib_a-lock.o)
                0x0000000020002b58                __lock___malloc_recursive_mutex
 *(COMMON)
                0x0000000020002b5c                . = ALIGN (0x4)
 *fill*         0x0000000020002b59        0x3 
                0x0000000020002b5c                _ebss = .
                0x0000000020002b5c                __bss_end__ = _ebss

._user_heap_stack
                0x0000000020002b5c      0x604 load address 0x0000000008008dbc
                0x0000000020002b60                . = ALIGN (0x8)
 *fill*         0x0000000020002b5c        0x4 
                [!provide]                        PROVIDE (end = .)
                0x0000000020002b60                PROVIDE (_end = .)
                0x0000000020002d60                . = (. + _Min_Heap_Size)
 *fill*         0x0000000020002b60      0x200 
                0x0000000020003160                . = (. + _Min_Stack_Size)
 *fill*         0x0000000020002d60      0x400 
                0x0000000020003160                . = ALIGN (0x8)

/DISCARD/
 libc.a(*)
 libm.a(*)
 libgcc.a(*)

.ARM.attributes
                0x0000000000000000       0x28
 *(.ARM.attributes)
 .ARM.attributes
                0x0000000000000000       0x1e c:/st/stm32cubeide_1.12.1/stm32cubeide/plugins/com.st.stm32cube.ide.mcu.externaltools.gnu-tools-for-stm32.10.3-2021.10.win32_1.0.200.202301161003/tools/bin/../lib/gcc/arm-none-eabi/10.3.1/thumb/v6-m/nofp/crti.o
 .ARM.attributes
                0x000000000000001e       0x2c c:/st/stm32cubeide_1.12.1/stm32cubeide/plugins/com.st.stm32cube.ide.mcu.externaltools.gnu-tools-for-stm32.10.3-2021.10.win32_1.0.200.202301161003/tools/bin/../lib/gcc/arm-none-eabi/10.3.1/thumb/v6-m/nofp/crtbegin.o
 .ARM.attributes
                0x000000000000004a       0x2c ./Core/Src/APP/water_out.o
 .ARM.attributes
                0x0000000000000076       0x2c ./Core/Src/DEVICE/flow_meter.o
 .ARM.attributes
                0x00000000000000a2       0x2c ./Core/Src/DEVICE/hotwater.o
 .ARM.attributes
                0x00000000000000ce       0x2c ./Core/Src/DEVICE/ntc.o
 .ARM.attributes
                0x00000000000000fa       0x2c ./Core/Src/HAL/adc.o
 .ARM.attributes
                0x0000000000000126       0x2c ./Core/Src/HAL/gpio.o
 .ARM.attributes
                0x0000000000000152       0x2c ./Core/Src/HAL/timer.o
 .ARM.attributes
                0x000000000000017e       0x2c ./Core/Src/HAL/uart.o
 .ARM.attributes
                0x00000000000001aa       0x2c ./Core/Src/RingBuffer.o
 .ARM.attributes
                0x00000000000001d6       0x2c ./Core/Src/fsm.o
 .ARM.attributes
                0x0000000000000202       0x2c ./Core/Src/main.o
 .ARM.attributes
                0x000000000000022e       0x2c ./Core/Src/scheduler.o
 .ARM.attributes
                0x000000000000025a       0x2c ./Core/Src/stm32g0xx_hal_msp.o
 .ARM.attributes
                0x0000000000000286       0x2c ./Core/Src/stm32g0xx_it.o
 .ARM.attributes
                0x00000000000002b2       0x2c ./Core/Src/sysmem.o
 .ARM.attributes
                0x00000000000002de       0x2c ./Core/Src/system_stm32g0xx.o
 .ARM.attributes
                0x000000000000030a       0x22 ./Core/Startup/startup_stm32g070rbtx.o
 .ARM.attributes
                0x000000000000032c       0x2c ./Drivers/STM32G0xx_HAL_Driver/Src/stm32g0xx_hal.o
 .ARM.attributes
                0x0000000000000358       0x2c ./Drivers/STM32G0xx_HAL_Driver/Src/stm32g0xx_hal_adc.o
 .ARM.attributes
                0x0000000000000384       0x2c ./Drivers/STM32G0xx_HAL_Driver/Src/stm32g0xx_hal_cortex.o
 .ARM.attributes
                0x00000000000003b0       0x2c ./Drivers/STM32G0xx_HAL_Driver/Src/stm32g0xx_hal_dma.o
 .ARM.attributes
                0x00000000000003dc       0x2c ./Drivers/STM32G0xx_HAL_Driver/Src/stm32g0xx_hal_gpio.o
 .ARM.attributes
                0x0000000000000408       0x2c ./Drivers/STM32G0xx_HAL_Driver/Src/stm32g0xx_hal_pwr_ex.o
 .ARM.attributes
                0x0000000000000434       0x2c ./Drivers/STM32G0xx_HAL_Driver/Src/stm32g0xx_hal_rcc.o
 .ARM.attributes
                0x0000000000000460       0x2c ./Drivers/STM32G0xx_HAL_Driver/Src/stm32g0xx_hal_tim.o
 .ARM.attributes
                0x000000000000048c       0x2c ./Drivers/STM32G0xx_HAL_Driver/Src/stm32g0xx_hal_tim_ex.o
 .ARM.attributes
                0x00000000000004b8       0x2c ./Drivers/STM32G0xx_HAL_Driver/Src/stm32g0xx_hal_uart.o
 .ARM.attributes
                0x00000000000004e4       0x2c ./Drivers/STM32G0xx_HAL_Driver/Src/stm32g0xx_hal_uart_ex.o
 .ARM.attributes
                0x0000000000000510       0x2c c:/st/stm32cubeide_1.12.1/stm32cubeide/plugins/com.st.stm32cube.ide.mcu.externaltools.gnu-tools-for-stm32.10.3-2021.10.win32_1.0.200.202301161003/tools/bin/../lib/gcc/arm-none-eabi/10.3.1/../../../../arm-none-eabi/lib/thumb/v6-m/nofp\libc_nano.a(lib_a-errno.o)
 .ARM.attributes
                0x000000000000053c       0x2c c:/st/stm32cubeide_1.12.1/stm32cubeide/plugins/com.st.stm32cube.ide.mcu.externaltools.gnu-tools-for-stm32.10.3-2021.10.win32_1.0.200.202301161003/tools/bin/../lib/gcc/arm-none-eabi/10.3.1/../../../../arm-none-eabi/lib/thumb/v6-m/nofp\libc_nano.a(lib_a-impure.o)
 .ARM.attributes
                0x0000000000000568       0x2c c:/st/stm32cubeide_1.12.1/stm32cubeide/plugins/com.st.stm32cube.ide.mcu.externaltools.gnu-tools-for-stm32.10.3-2021.10.win32_1.0.200.202301161003/tools/bin/../lib/gcc/arm-none-eabi/10.3.1/../../../../arm-none-eabi/lib/thumb/v6-m/nofp\libc_nano.a(lib_a-init.o)
 .ARM.attributes
                0x0000000000000594       0x2c c:/st/stm32cubeide_1.12.1/stm32cubeide/plugins/com.st.stm32cube.ide.mcu.externaltools.gnu-tools-for-stm32.10.3-2021.10.win32_1.0.200.202301161003/tools/bin/../lib/gcc/arm-none-eabi/10.3.1/../../../../arm-none-eabi/lib/thumb/v6-m/nofp\libc_nano.a(lib_a-memcpy-stub.o)
 .ARM.attributes
                0x00000000000005c0       0x2c c:/st/stm32cubeide_1.12.1/stm32cubeide/plugins/com.st.stm32cube.ide.mcu.externaltools.gnu-tools-for-stm32.10.3-2021.10.win32_1.0.200.202301161003/tools/bin/../lib/gcc/arm-none-eabi/10.3.1/../../../../arm-none-eabi/lib/thumb/v6-m/nofp\libc_nano.a(lib_a-memset.o)
 .ARM.attributes
                0x00000000000005ec       0x2c c:/st/stm32cubeide_1.12.1/stm32cubeide/plugins/com.st.stm32cube.ide.mcu.externaltools.gnu-tools-for-stm32.10.3-2021.10.win32_1.0.200.202301161003/tools/bin/../lib/gcc/arm-none-eabi/10.3.1/../../../../arm-none-eabi/lib/thumb/v6-m/nofp\libc_nano.a(lib_a-sprintf.o)
 .ARM.attributes
                0x0000000000000618       0x2c c:/st/stm32cubeide_1.12.1/stm32cubeide/plugins/com.st.stm32cube.ide.mcu.externaltools.gnu-tools-for-stm32.10.3-2021.10.win32_1.0.200.202301161003/tools/bin/../lib/gcc/arm-none-eabi/10.3.1/../../../../arm-none-eabi/lib/thumb/v6-m/nofp\libc_nano.a(lib_a-nano-svfprintf.o)
 .ARM.attributes
                0x0000000000000644       0x2c c:/st/stm32cubeide_1.12.1/stm32cubeide/plugins/com.st.stm32cube.ide.mcu.externaltools.gnu-tools-for-stm32.10.3-2021.10.win32_1.0.200.202301161003/tools/bin/../lib/gcc/arm-none-eabi/10.3.1/../../../../arm-none-eabi/lib/thumb/v6-m/nofp\libc_nano.a(lib_a-nano-vfprintf_i.o)
 .ARM.attributes
                0x0000000000000670       0x2c c:/st/stm32cubeide_1.12.1/stm32cubeide/plugins/com.st.stm32cube.ide.mcu.externaltools.gnu-tools-for-stm32.10.3-2021.10.win32_1.0.200.202301161003/tools/bin/../lib/gcc/arm-none-eabi/10.3.1/../../../../arm-none-eabi/lib/thumb/v6-m/nofp\libc_nano.a(lib_a-memchr-stub.o)
 .ARM.attributes
                0x000000000000069c       0x2c c:/st/stm32cubeide_1.12.1/stm32cubeide/plugins/com.st.stm32cube.ide.mcu.externaltools.gnu-tools-for-stm32.10.3-2021.10.win32_1.0.200.202301161003/tools/bin/../lib/gcc/arm-none-eabi/10.3.1/../../../../arm-none-eabi/lib/thumb/v6-m/nofp\libc_nano.a(lib_a-memmove.o)
 .ARM.attributes
                0x00000000000006c8       0x2c c:/st/stm32cubeide_1.12.1/stm32cubeide/plugins/com.st.stm32cube.ide.mcu.externaltools.gnu-tools-for-stm32.10.3-2021.10.win32_1.0.200.202301161003/tools/bin/../lib/gcc/arm-none-eabi/10.3.1/../../../../arm-none-eabi/lib/thumb/v6-m/nofp\libc_nano.a(lib_a-nano-freer.o)
 .ARM.attributes
                0x00000000000006f4       0x2c c:/st/stm32cubeide_1.12.1/stm32cubeide/plugins/com.st.stm32cube.ide.mcu.externaltools.gnu-tools-for-stm32.10.3-2021.10.win32_1.0.200.202301161003/tools/bin/../lib/gcc/arm-none-eabi/10.3.1/../../../../arm-none-eabi/lib/thumb/v6-m/nofp\libc_nano.a(lib_a-nano-mallocr.o)
 .ARM.attributes
                0x0000000000000720       0x2c c:/st/stm32cubeide_1.12.1/stm32cubeide/plugins/com.st.stm32cube.ide.mcu.externaltools.gnu-tools-for-stm32.10.3-2021.10.win32_1.0.200.202301161003/tools/bin/../lib/gcc/arm-none-eabi/10.3.1/../../../../arm-none-eabi/lib/thumb/v6-m/nofp\libc_nano.a(lib_a-nano-reallocr.o)
 .ARM.attributes
                0x000000000000074c       0x2c c:/st/stm32cubeide_1.12.1/stm32cubeide/plugins/com.st.stm32cube.ide.mcu.externaltools.gnu-tools-for-stm32.10.3-2021.10.win32_1.0.200.202301161003/tools/bin/../lib/gcc/arm-none-eabi/10.3.1/../../../../arm-none-eabi/lib/thumb/v6-m/nofp\libc_nano.a(lib_a-sbrkr.o)
 .ARM.attributes
                0x0000000000000778       0x2c c:/st/stm32cubeide_1.12.1/stm32cubeide/plugins/com.st.stm32cube.ide.mcu.externaltools.gnu-tools-for-stm32.10.3-2021.10.win32_1.0.200.202301161003/tools/bin/../lib/gcc/arm-none-eabi/10.3.1/../../../../arm-none-eabi/lib/thumb/v6-m/nofp\libc_nano.a(lib_a-mlock.o)
 .ARM.attributes
                0x00000000000007a4       0x2c c:/st/stm32cubeide_1.12.1/stm32cubeide/plugins/com.st.stm32cube.ide.mcu.externaltools.gnu-tools-for-stm32.10.3-2021.10.win32_1.0.200.202301161003/tools/bin/../lib/gcc/arm-none-eabi/10.3.1/../../../../arm-none-eabi/lib/thumb/v6-m/nofp\libc_nano.a(lib_a-nano-msizer.o)
 .ARM.attributes
                0x00000000000007d0       0x2c c:/st/stm32cubeide_1.12.1/stm32cubeide/plugins/com.st.stm32cube.ide.mcu.externaltools.gnu-tools-for-stm32.10.3-2021.10.win32_1.0.200.202301161003/tools/bin/../lib/gcc/arm-none-eabi/10.3.1/../../../../arm-none-eabi/lib/thumb/v6-m/nofp\libc_nano.a(lib_a-reent.o)
 .ARM.attributes
                0x00000000000007fc       0x2c c:/st/stm32cubeide_1.12.1/stm32cubeide/plugins/com.st.stm32cube.ide.mcu.externaltools.gnu-tools-for-stm32.10.3-2021.10.win32_1.0.200.202301161003/tools/bin/../lib/gcc/arm-none-eabi/10.3.1/../../../../arm-none-eabi/lib/thumb/v6-m/nofp\libc_nano.a(lib_a-lock.o)
 .ARM.attributes
                0x0000000000000828       0x1e c:/st/stm32cubeide_1.12.1/stm32cubeide/plugins/com.st.stm32cube.ide.mcu.externaltools.gnu-tools-for-stm32.10.3-2021.10.win32_1.0.200.202301161003/tools/bin/../lib/gcc/arm-none-eabi/10.3.1/thumb/v6-m/nofp\libgcc.a(_thumb1_case_shi.o)
 .ARM.attributes
                0x0000000000000846       0x1e c:/st/stm32cubeide_1.12.1/stm32cubeide/plugins/com.st.stm32cube.ide.mcu.externaltools.gnu-tools-for-stm32.10.3-2021.10.win32_1.0.200.202301161003/tools/bin/../lib/gcc/arm-none-eabi/10.3.1/thumb/v6-m/nofp\libgcc.a(_udivsi3.o)
 .ARM.attributes
                0x0000000000000864       0x1e c:/st/stm32cubeide_1.12.1/stm32cubeide/plugins/com.st.stm32cube.ide.mcu.externaltools.gnu-tools-for-stm32.10.3-2021.10.win32_1.0.200.202301161003/tools/bin/../lib/gcc/arm-none-eabi/10.3.1/thumb/v6-m/nofp\libgcc.a(_dvmd_tls.o)
 .ARM.attributes
                0x0000000000000882       0x1e c:/st/stm32cubeide_1.12.1/stm32cubeide/plugins/com.st.stm32cube.ide.mcu.externaltools.gnu-tools-for-stm32.10.3-2021.10.win32_1.0.200.202301161003/tools/bin/../lib/gcc/arm-none-eabi/10.3.1/thumb/v6-m/nofp\libgcc.a(_arm_cmpsf2.o)
 .ARM.attributes
                0x00000000000008a0       0x2c c:/st/stm32cubeide_1.12.1/stm32cubeide/plugins/com.st.stm32cube.ide.mcu.externaltools.gnu-tools-for-stm32.10.3-2021.10.win32_1.0.200.202301161003/tools/bin/../lib/gcc/arm-none-eabi/10.3.1/thumb/v6-m/nofp\libgcc.a(eqsf2.o)
 .ARM.attributes
                0x00000000000008cc       0x2c c:/st/stm32cubeide_1.12.1/stm32cubeide/plugins/com.st.stm32cube.ide.mcu.externaltools.gnu-tools-for-stm32.10.3-2021.10.win32_1.0.200.202301161003/tools/bin/../lib/gcc/arm-none-eabi/10.3.1/thumb/v6-m/nofp\libgcc.a(gesf2.o)
 .ARM.attributes
                0x00000000000008f8       0x2c c:/st/stm32cubeide_1.12.1/stm32cubeide/plugins/com.st.stm32cube.ide.mcu.externaltools.gnu-tools-for-stm32.10.3-2021.10.win32_1.0.200.202301161003/tools/bin/../lib/gcc/arm-none-eabi/10.3.1/thumb/v6-m/nofp\libgcc.a(lesf2.o)
 .ARM.attributes
                0x0000000000000924       0x2c c:/st/stm32cubeide_1.12.1/stm32cubeide/plugins/com.st.stm32cube.ide.mcu.externaltools.gnu-tools-for-stm32.10.3-2021.10.win32_1.0.200.202301161003/tools/bin/../lib/gcc/arm-none-eabi/10.3.1/thumb/v6-m/nofp\libgcc.a(fixsfsi.o)
 .ARM.attributes
                0x0000000000000950       0x2c c:/st/stm32cubeide_1.12.1/stm32cubeide/plugins/com.st.stm32cube.ide.mcu.externaltools.gnu-tools-for-stm32.10.3-2021.10.win32_1.0.200.202301161003/tools/bin/../lib/gcc/arm-none-eabi/10.3.1/thumb/v6-m/nofp\libgcc.a(floatunsisf.o)
 .ARM.attributes
                0x000000000000097c       0x1e c:/st/stm32cubeide_1.12.1/stm32cubeide/plugins/com.st.stm32cube.ide.mcu.externaltools.gnu-tools-for-stm32.10.3-2021.10.win32_1.0.200.202301161003/tools/bin/../lib/gcc/arm-none-eabi/10.3.1/thumb/v6-m/nofp\libgcc.a(_clzsi2.o)
 .ARM.attributes
                0x000000000000099a       0x1e c:/st/stm32cubeide_1.12.1/stm32cubeide/plugins/com.st.stm32cube.ide.mcu.externaltools.gnu-tools-for-stm32.10.3-2021.10.win32_1.0.200.202301161003/tools/bin/../lib/gcc/arm-none-eabi/10.3.1/thumb/v6-m/nofp/crtn.o
OUTPUT(HotWater.elf elf32-littlearm)
LOAD linker stubs
LOAD c:/st/stm32cubeide_1.12.1/stm32cubeide/plugins/com.st.stm32cube.ide.mcu.externaltools.gnu-tools-for-stm32.10.3-2021.10.win32_1.0.200.202301161003/tools/bin/../lib/gcc/arm-none-eabi/10.3.1/../../../../arm-none-eabi/lib/thumb/v6-m/nofp\libc.a
LOAD c:/st/stm32cubeide_1.12.1/stm32cubeide/plugins/com.st.stm32cube.ide.mcu.externaltools.gnu-tools-for-stm32.10.3-2021.10.win32_1.0.200.202301161003/tools/bin/../lib/gcc/arm-none-eabi/10.3.1/../../../../arm-none-eabi/lib/thumb/v6-m/nofp\libm.a
LOAD c:/st/stm32cubeide_1.12.1/stm32cubeide/plugins/com.st.stm32cube.ide.mcu.externaltools.gnu-tools-for-stm32.10.3-2021.10.win32_1.0.200.202301161003/tools/bin/../lib/gcc/arm-none-eabi/10.3.1/thumb/v6-m/nofp\libgcc.a

.debug_info     0x0000000000000000    0x15907
 .debug_info    0x0000000000000000      0xb0c ./Core/Src/APP/water_out.o
 .debug_info    0x0000000000000b0c      0x478 ./Core/Src/DEVICE/flow_meter.o
 .debug_info    0x0000000000000f84      0x5c8 ./Core/Src/DEVICE/hotwater.o
 .debug_info    0x000000000000154c      0x137 ./Core/Src/DEVICE/ntc.o
 .debug_info    0x0000000000001683      0x90e ./Core/Src/HAL/adc.o
 .debug_info    0x0000000000001f91      0x494 ./Core/Src/HAL/gpio.o
 .debug_info    0x0000000000002425      0xa6b ./Core/Src/HAL/timer.o
 .debug_info    0x0000000000002e90      0xb66 ./Core/Src/HAL/uart.o
 .debug_info    0x00000000000039f6      0x340 ./Core/Src/RingBuffer.o
 .debug_info    0x0000000000003d36      0x67c ./Core/Src/fsm.o
 .debug_info    0x00000000000043b2      0x3b2 ./Core/Src/main.o
 .debug_info    0x0000000000004764      0x2d0 ./Core/Src/scheduler.o
 .debug_info    0x0000000000004a34     0x149f ./Core/Src/stm32g0xx_hal_msp.o
 .debug_info    0x0000000000005ed3      0xc3c ./Core/Src/stm32g0xx_it.o
 .debug_info    0x0000000000006b0f      0x171 ./Core/Src/sysmem.o
 .debug_info    0x0000000000006c80      0x34d ./Core/Src/system_stm32g0xx.o
 .debug_info    0x0000000000006fcd       0x22 ./Core/Startup/startup_stm32g070rbtx.o
 .debug_info    0x0000000000006fef      0x942 ./Drivers/STM32G0xx_HAL_Driver/Src/stm32g0xx_hal.o
 .debug_info    0x0000000000007931     0x1600 ./Drivers/STM32G0xx_HAL_Driver/Src/stm32g0xx_hal_adc.o
 .debug_info    0x0000000000008f31      0x8f5 ./Drivers/STM32G0xx_HAL_Driver/Src/stm32g0xx_hal_cortex.o
 .debug_info    0x0000000000009826      0x8c8 ./Drivers/STM32G0xx_HAL_Driver/Src/stm32g0xx_hal_dma.o
 .debug_info    0x000000000000a0ee      0x5d7 ./Drivers/STM32G0xx_HAL_Driver/Src/stm32g0xx_hal_gpio.o
 .debug_info    0x000000000000a6c5      0x4e8 ./Drivers/STM32G0xx_HAL_Driver/Src/stm32g0xx_hal_pwr_ex.o
 .debug_info    0x000000000000abad      0xb1c ./Drivers/STM32G0xx_HAL_Driver/Src/stm32g0xx_hal_rcc.o
 .debug_info    0x000000000000b6c9     0x2e15 ./Drivers/STM32G0xx_HAL_Driver/Src/stm32g0xx_hal_tim.o
 .debug_info    0x000000000000e4de     0x1a19 ./Drivers/STM32G0xx_HAL_Driver/Src/stm32g0xx_hal_tim_ex.o
 .debug_info    0x000000000000fef7     0x49de ./Drivers/STM32G0xx_HAL_Driver/Src/stm32g0xx_hal_uart.o
 .debug_info    0x00000000000148d5     0x1032 ./Drivers/STM32G0xx_HAL_Driver/Src/stm32g0xx_hal_uart_ex.o

.debug_abbrev   0x0000000000000000     0x3544
 .debug_abbrev  0x0000000000000000      0x27d ./Core/Src/APP/water_out.o
 .debug_abbrev  0x000000000000027d      0x189 ./Core/Src/DEVICE/flow_meter.o
 .debug_abbrev  0x0000000000000406      0x223 ./Core/Src/DEVICE/hotwater.o
 .debug_abbrev  0x0000000000000629       0xc0 ./Core/Src/DEVICE/ntc.o
 .debug_abbrev  0x00000000000006e9      0x1a2 ./Core/Src/HAL/adc.o
 .debug_abbrev  0x000000000000088b      0x14f ./Core/Src/HAL/gpio.o
 .debug_abbrev  0x00000000000009da      0x239 ./Core/Src/HAL/timer.o
 .debug_abbrev  0x0000000000000c13      0x22d ./Core/Src/HAL/uart.o
 .debug_abbrev  0x0000000000000e40      0x146 ./Core/Src/RingBuffer.o
 .debug_abbrev  0x0000000000000f86      0x215 ./Core/Src/fsm.o
 .debug_abbrev  0x000000000000119b      0x1d8 ./Core/Src/main.o
 .debug_abbrev  0x0000000000001373      0x152 ./Core/Src/scheduler.o
 .debug_abbrev  0x00000000000014c5      0x236 ./Core/Src/stm32g0xx_hal_msp.o
 .debug_abbrev  0x00000000000016fb      0x1ad ./Core/Src/stm32g0xx_it.o
 .debug_abbrev  0x00000000000018a8       0xbb ./Core/Src/sysmem.o
 .debug_abbrev  0x0000000000001963      0x116 ./Core/Src/system_stm32g0xx.o
 .debug_abbrev  0x0000000000001a79       0x12 ./Core/Startup/startup_stm32g070rbtx.o
 .debug_abbrev  0x0000000000001a8b      0x2a9 ./Drivers/STM32G0xx_HAL_Driver/Src/stm32g0xx_hal.o
 .debug_abbrev  0x0000000000001d34      0x26c ./Drivers/STM32G0xx_HAL_Driver/Src/stm32g0xx_hal_adc.o
 .debug_abbrev  0x0000000000001fa0      0x29f ./Drivers/STM32G0xx_HAL_Driver/Src/stm32g0xx_hal_cortex.o
 .debug_abbrev  0x000000000000223f      0x1db ./Drivers/STM32G0xx_HAL_Driver/Src/stm32g0xx_hal_dma.o
 .debug_abbrev  0x000000000000241a      0x1b9 ./Drivers/STM32G0xx_HAL_Driver/Src/stm32g0xx_hal_gpio.o
 .debug_abbrev  0x00000000000025d3      0x1d1 ./Drivers/STM32G0xx_HAL_Driver/Src/stm32g0xx_hal_pwr_ex.o
 .debug_abbrev  0x00000000000027a4      0x2a3 ./Drivers/STM32G0xx_HAL_Driver/Src/stm32g0xx_hal_rcc.o
 .debug_abbrev  0x0000000000002a47      0x286 ./Drivers/STM32G0xx_HAL_Driver/Src/stm32g0xx_hal_tim.o
 .debug_abbrev  0x0000000000002ccd      0x292 ./Drivers/STM32G0xx_HAL_Driver/Src/stm32g0xx_hal_tim_ex.o
 .debug_abbrev  0x0000000000002f5f      0x310 ./Drivers/STM32G0xx_HAL_Driver/Src/stm32g0xx_hal_uart.o
 .debug_abbrev  0x000000000000326f      0x2d5 ./Drivers/STM32G0xx_HAL_Driver/Src/stm32g0xx_hal_uart_ex.o

.debug_aranges  0x0000000000000000     0x1368
 .debug_aranges
                0x0000000000000000      0x110 ./Core/Src/APP/water_out.o
 .debug_aranges
                0x0000000000000110       0x40 ./Core/Src/DEVICE/flow_meter.o
 .debug_aranges
                0x0000000000000150       0xb0 ./Core/Src/DEVICE/hotwater.o
 .debug_aranges
                0x0000000000000200       0x28 ./Core/Src/DEVICE/ntc.o
 .debug_aranges
                0x0000000000000228       0x38 ./Core/Src/HAL/adc.o
 .debug_aranges
                0x0000000000000260       0x20 ./Core/Src/HAL/gpio.o
 .debug_aranges
                0x0000000000000280       0x40 ./Core/Src/HAL/timer.o
 .debug_aranges
                0x00000000000002c0       0x48 ./Core/Src/HAL/uart.o
 .debug_aranges
                0x0000000000000308       0x50 ./Core/Src/RingBuffer.o
 .debug_aranges
                0x0000000000000358       0x30 ./Core/Src/fsm.o
 .debug_aranges
                0x0000000000000388       0x30 ./Core/Src/main.o
 .debug_aranges
                0x00000000000003b8       0x48 ./Core/Src/scheduler.o
 .debug_aranges
                0x0000000000000400       0x50 ./Core/Src/stm32g0xx_hal_msp.o
 .debug_aranges
                0x0000000000000450       0x58 ./Core/Src/stm32g0xx_it.o
 .debug_aranges
                0x00000000000004a8       0x20 ./Core/Src/sysmem.o
 .debug_aranges
                0x00000000000004c8       0x28 ./Core/Src/system_stm32g0xx.o
 .debug_aranges
                0x00000000000004f0       0x28 ./Core/Startup/startup_stm32g070rbtx.o
 .debug_aranges
                0x0000000000000518       0xf8 ./Drivers/STM32G0xx_HAL_Driver/Src/stm32g0xx_hal.o
 .debug_aranges
                0x0000000000000610      0x1f0 ./Drivers/STM32G0xx_HAL_Driver/Src/stm32g0xx_hal_adc.o
 .debug_aranges
                0x0000000000000800       0xd8 ./Drivers/STM32G0xx_HAL_Driver/Src/stm32g0xx_hal_cortex.o
 .debug_aranges
                0x00000000000008d8       0x90 ./Drivers/STM32G0xx_HAL_Driver/Src/stm32g0xx_hal_dma.o
 .debug_aranges
                0x0000000000000968       0x60 ./Drivers/STM32G0xx_HAL_Driver/Src/stm32g0xx_hal_gpio.o
 .debug_aranges
                0x00000000000009c8       0x98 ./Drivers/STM32G0xx_HAL_Driver/Src/stm32g0xx_hal_pwr_ex.o
 .debug_aranges
                0x0000000000000a60       0xa0 ./Drivers/STM32G0xx_HAL_Driver/Src/stm32g0xx_hal_rcc.o
 .debug_aranges
                0x0000000000000b00      0x3e0 ./Drivers/STM32G0xx_HAL_Driver/Src/stm32g0xx_hal_tim.o
 .debug_aranges
                0x0000000000000ee0      0x198 ./Drivers/STM32G0xx_HAL_Driver/Src/stm32g0xx_hal_tim_ex.o
 .debug_aranges
                0x0000000000001078      0x248 ./Drivers/STM32G0xx_HAL_Driver/Src/stm32g0xx_hal_uart.o
 .debug_aranges
                0x00000000000012c0       0xa8 ./Drivers/STM32G0xx_HAL_Driver/Src/stm32g0xx_hal_uart_ex.o

.debug_ranges   0x0000000000000000     0x11e0
 .debug_ranges  0x0000000000000000      0x100 ./Core/Src/APP/water_out.o
 .debug_ranges  0x0000000000000100       0x30 ./Core/Src/DEVICE/flow_meter.o
 .debug_ranges  0x0000000000000130       0xa0 ./Core/Src/DEVICE/hotwater.o
 .debug_ranges  0x00000000000001d0       0x18 ./Core/Src/DEVICE/ntc.o
 .debug_ranges  0x00000000000001e8       0x28 ./Core/Src/HAL/adc.o
 .debug_ranges  0x0000000000000210       0x10 ./Core/Src/HAL/gpio.o
 .debug_ranges  0x0000000000000220       0x30 ./Core/Src/HAL/timer.o
 .debug_ranges  0x0000000000000250       0x38 ./Core/Src/HAL/uart.o
 .debug_ranges  0x0000000000000288       0x40 ./Core/Src/RingBuffer.o
 .debug_ranges  0x00000000000002c8       0x20 ./Core/Src/fsm.o
 .debug_ranges  0x00000000000002e8       0x20 ./Core/Src/main.o
 .debug_ranges  0x0000000000000308       0x38 ./Core/Src/scheduler.o
 .debug_ranges  0x0000000000000340       0x40 ./Core/Src/stm32g0xx_hal_msp.o
 .debug_ranges  0x0000000000000380       0x48 ./Core/Src/stm32g0xx_it.o
 .debug_ranges  0x00000000000003c8       0x10 ./Core/Src/sysmem.o
 .debug_ranges  0x00000000000003d8       0x18 ./Core/Src/system_stm32g0xx.o
 .debug_ranges  0x00000000000003f0       0x20 ./Core/Startup/startup_stm32g070rbtx.o
 .debug_ranges  0x0000000000000410       0xe8 ./Drivers/STM32G0xx_HAL_Driver/Src/stm32g0xx_hal.o
 .debug_ranges  0x00000000000004f8      0x1e0 ./Drivers/STM32G0xx_HAL_Driver/Src/stm32g0xx_hal_adc.o
 .debug_ranges  0x00000000000006d8       0xc8 ./Drivers/STM32G0xx_HAL_Driver/Src/stm32g0xx_hal_cortex.o
 .debug_ranges  0x00000000000007a0       0x80 ./Drivers/STM32G0xx_HAL_Driver/Src/stm32g0xx_hal_dma.o
 .debug_ranges  0x0000000000000820       0x50 ./Drivers/STM32G0xx_HAL_Driver/Src/stm32g0xx_hal_gpio.o
 .debug_ranges  0x0000000000000870       0x88 ./Drivers/STM32G0xx_HAL_Driver/Src/stm32g0xx_hal_pwr_ex.o
 .debug_ranges  0x00000000000008f8       0x90 ./Drivers/STM32G0xx_HAL_Driver/Src/stm32g0xx_hal_rcc.o
 .debug_ranges  0x0000000000000988      0x3d0 ./Drivers/STM32G0xx_HAL_Driver/Src/stm32g0xx_hal_tim.o
 .debug_ranges  0x0000000000000d58      0x188 ./Drivers/STM32G0xx_HAL_Driver/Src/stm32g0xx_hal_tim_ex.o
 .debug_ranges  0x0000000000000ee0      0x268 ./Drivers/STM32G0xx_HAL_Driver/Src/stm32g0xx_hal_uart.o
 .debug_ranges  0x0000000000001148       0x98 ./Drivers/STM32G0xx_HAL_Driver/Src/stm32g0xx_hal_uart_ex.o

.debug_macro    0x0000000000000000    0x19a67
 .debug_macro   0x0000000000000000      0x41c ./Core/Src/APP/water_out.o
 .debug_macro   0x000000000000041c      0xa4e ./Core/Src/APP/water_out.o
 .debug_macro   0x0000000000000e6a       0x22 ./Core/Src/APP/water_out.o
 .debug_macro   0x0000000000000e8c       0x4c ./Core/Src/APP/water_out.o
 .debug_macro   0x0000000000000ed8       0x18 ./Core/Src/APP/water_out.o
 .debug_macro   0x0000000000000ef0       0x94 ./Core/Src/APP/water_out.o
 .debug_macro   0x0000000000000f84       0x3c ./Core/Src/APP/water_out.o
 .debug_macro   0x0000000000000fc0       0x34 ./Core/Src/APP/water_out.o
 .debug_macro   0x0000000000000ff4       0x16 ./Core/Src/APP/water_out.o
 .debug_macro   0x000000000000100a       0x57 ./Core/Src/APP/water_out.o
 .debug_macro   0x0000000000001061       0x97 ./Core/Src/APP/water_out.o
 .debug_macro   0x00000000000010f8      0x341 ./Core/Src/APP/water_out.o
 .debug_macro   0x0000000000001439       0xfd ./Core/Src/APP/water_out.o
 .debug_macro   0x0000000000001536       0x10 ./Core/Src/APP/water_out.o
 .debug_macro   0x0000000000001546       0x16 ./Core/Src/APP/water_out.o
 .debug_macro   0x000000000000155c       0x43 ./Core/Src/APP/water_out.o
 .debug_macro   0x000000000000159f       0x34 ./Core/Src/APP/water_out.o
 .debug_macro   0x00000000000015d3       0x10 ./Core/Src/APP/water_out.o
 .debug_macro   0x00000000000015e3       0x58 ./Core/Src/APP/water_out.o
 .debug_macro   0x000000000000163b       0x71 ./Core/Src/APP/water_out.o
 .debug_macro   0x00000000000016ac       0x1c ./Core/Src/APP/water_out.o
 .debug_macro   0x00000000000016c8      0x12a ./Core/Src/APP/water_out.o
 .debug_macro   0x00000000000017f2       0x10 ./Core/Src/APP/water_out.o
 .debug_macro   0x0000000000001802       0x6a ./Core/Src/APP/water_out.o
 .debug_macro   0x000000000000186c       0x1c ./Core/Src/APP/water_out.o
 .debug_macro   0x0000000000001888       0x52 ./Core/Src/APP/water_out.o
 .debug_macro   0x00000000000018da       0x22 ./Core/Src/APP/water_out.o
 .debug_macro   0x00000000000018fc       0x10 ./Core/Src/APP/water_out.o
 .debug_macro   0x000000000000190c       0x52 ./Core/Src/APP/water_out.o
 .debug_macro   0x000000000000195e       0xd5 ./Core/Src/APP/water_out.o
 .debug_macro   0x0000000000001a33       0x1c ./Core/Src/APP/water_out.o
 .debug_macro   0x0000000000001a4f       0x3d ./Core/Src/APP/water_out.o
 .debug_macro   0x0000000000001a8c       0x16 ./Core/Src/APP/water_out.o
 .debug_macro   0x0000000000001aa2      0x145 ./Core/Src/APP/water_out.o
 .debug_macro   0x0000000000001be7      0x103 ./Core/Src/APP/water_out.o
 .debug_macro   0x0000000000001cea      0x1df ./Core/Src/APP/water_out.o
 .debug_macro   0x0000000000001ec9       0x22 ./Core/Src/APP/water_out.o
 .debug_macro   0x0000000000001eeb       0x10 ./Core/Src/APP/water_out.o
 .debug_macro   0x0000000000001efb       0x16 ./Core/Src/APP/water_out.o
 .debug_macro   0x0000000000001f11      0x123 ./Core/Src/APP/water_out.o
 .debug_macro   0x0000000000002034       0x2e ./Core/Src/APP/water_out.o
 .debug_macro   0x0000000000002062       0x28 ./Core/Src/APP/water_out.o
 .debug_macro   0x000000000000208a       0x1c ./Core/Src/APP/water_out.o
 .debug_macro   0x00000000000020a6       0x22 ./Core/Src/APP/water_out.o
 .debug_macro   0x00000000000020c8       0xd1 ./Core/Src/APP/water_out.o
 .debug_macro   0x0000000000002199      0x4da ./Core/Src/APP/water_out.o
 .debug_macro   0x0000000000002673      0x11f ./Core/Src/APP/water_out.o
 .debug_macro   0x0000000000002792     0xa6de ./Core/Src/APP/water_out.o
 .debug_macro   0x000000000000ce70       0x66 ./Core/Src/APP/water_out.o
 .debug_macro   0x000000000000ced6     0x34fd ./Core/Src/APP/water_out.o
 .debug_macro   0x00000000000103d3       0x56 ./Core/Src/APP/water_out.o
 .debug_macro   0x0000000000010429      0x485 ./Core/Src/APP/water_out.o
 .debug_macro   0x00000000000108ae      0xe67 ./Core/Src/APP/water_out.o
 .debug_macro   0x0000000000011715      0x13e ./Core/Src/APP/water_out.o
 .debug_macro   0x0000000000011853      0x1cf ./Core/Src/APP/water_out.o
 .debug_macro   0x0000000000011a22      0x13e ./Core/Src/APP/water_out.o
 .debug_macro   0x0000000000011b60      0x3a8 ./Core/Src/APP/water_out.o
 .debug_macro   0x0000000000011f08      0x280 ./Core/Src/APP/water_out.o
 .debug_macro   0x0000000000012188      0x345 ./Core/Src/APP/water_out.o
 .debug_macro   0x00000000000124cd      0x198 ./Core/Src/APP/water_out.o
 .debug_macro   0x0000000000012665       0x43 ./Core/Src/APP/water_out.o
 .debug_macro   0x00000000000126a8      0x1f1 ./Core/Src/APP/water_out.o
 .debug_macro   0x0000000000012899      0x8af ./Core/Src/APP/water_out.o
 .debug_macro   0x0000000000013148      0x5bb ./Core/Src/APP/water_out.o
 .debug_macro   0x0000000000013703       0x2e ./Core/Src/APP/water_out.o
 .debug_macro   0x0000000000013731      0x1d6 ./Core/Src/APP/water_out.o
 .debug_macro   0x0000000000013907      0x2a3 ./Core/Src/APP/water_out.o
 .debug_macro   0x0000000000013baa       0x28 ./Core/Src/APP/water_out.o
 .debug_macro   0x0000000000013bd2       0xcf ./Core/Src/APP/water_out.o