../Core/Src/DEVICE/hotwater.c:11:22:water_0_level_0	24	static
../Core/Src/DEVICE/hotwater.c:20:22:water_0_level_1	8	static
../Core/Src/DEVICE/hotwater.c:21:22:water_1_level_0	24	static
../Core/Src/DEVICE/hotwater.c:30:22:water_1_level_1	8	static
../Core/Src/DEVICE/hotwater.c:31:14:GetTemp0	8	static
../Core/Src/DEVICE/hotwater.c:32:14:GetTemp1	8	static
../Core/Src/DEVICE/hotwater.c:33:13:GetFlow0	8	static
../Core/Src/DEVICE/hotwater.c:34:13:GetFlow1	8	static
../Core/Src/DEVICE/hotwater.c:35:13:ControlRelay0	16	static
../Core/Src/DEVICE/hotwater.c:43:13:ControlRelay1	16	static
../Core/Src/DEVICE/hotwater.c:51:13:ControlSolenoidOut0	16	static
../Core/Src/DEVICE/hotwater.c:52:13:ControlSolenoidOut1	16	static
../Core/Src/DEVICE/hotwater.c:53:13:ControlSolenoidIn0	16	static
../Core/Src/DEVICE/hotwater.c:54:13:ControlSolenoidIn1	16	static
../Core/Src/DEVICE/hotwater.c:55:22:GetRelay0	8	static
../Core/Src/DEVICE/hotwater.c:56:22:GetRelay1	8	static
../Core/Src/DEVICE/hotwater.c:57:22:GetSolenoid0	8	static
../Core/Src/DEVICE/hotwater.c:58:22:GetSolenoid1	8	static
