../Core/Src/DEVICE/hotwater.c:13:6:set_wt	16	static
../Core/Src/DEVICE/hotwater.c:20:22:water_0_level_0	16	static
../Core/Src/DEVICE/hotwater.c:30:22:water_0_level_1	8	static
../Core/Src/DEVICE/hotwater.c:31:22:water_1_level_0	16	static
../Core/Src/DEVICE/hotwater.c:41:22:water_1_level_1	8	static
../Core/Src/DEVICE/hotwater.c:42:14:GetTemp0	8	static
../Core/Src/DEVICE/hotwater.c:43:14:GetTemp1	8	static
../Core/Src/DEVICE/hotwater.c:44:13:GetFlow0	8	static
../Core/Src/DEVICE/hotwater.c:45:13:GetFlow1	8	static
../Core/Src/DEVICE/hotwater.c:46:13:ControlRelay0	16	static
../Core/Src/DEVICE/hotwater.c:54:13:ControlRelay1	16	static
../Core/Src/DEVICE/hotwater.c:62:13:ControlSolenoidOut0	16	static
../Core/Src/DEVICE/hotwater.c:63:13:ControlSolenoidOut1	16	static
../Core/Src/DEVICE/hotwater.c:64:13:ControlSolenoidIn0	16	static
../Core/Src/DEVICE/hotwater.c:65:13:ControlSolenoidIn1	16	static
../Core/Src/DEVICE/hotwater.c:66:22:GetRelay0	8	static
../Core/Src/DEVICE/hotwater.c:67:22:GetRelay1	8	static
../Core/Src/DEVICE/hotwater.c:68:22:GetSolenoid0	8	static
../Core/Src/DEVICE/hotwater.c:69:22:GetSolenoid1	8	static
